[    0.000000] Linux version 5.15.0-58-generic (buildd@lcy02-amd64-101) (gcc (Ubuntu 11.3.0-1ubuntu1~22.04) 11.3.0, GNU ld (GNU Binutils for Ubuntu) 2.38) #64-Ubuntu SMP Thu Jan 5 11:43:13 UTC 2023 (Ubuntu 5.15.0-58.64-generic 5.15.74)
[    0.000000] Command line: BOOT_IMAGE=/vmlinuz-5.15.0-58-generic root=/dev/mapper/ubuntu--vg-ubuntu--lv ro
[    0.000000] KERNEL supported cpus:
[    0.000000]   Intel GenuineIntel
[    0.000000]   AMD AuthenticAMD
[    0.000000]   Hygon HygonGenuine
[    0.000000]   Centaur CentaurHauls
[    0.000000]   zhaoxin   Shanghai  
[    0.000000] x86/fpu: Supporting XSAVE feature 0x001: 'x87 floating point registers'
[    0.000000] x86/fpu: Supporting XSAVE feature 0x002: 'SSE registers'
[    0.000000] x86/fpu: Supporting XSAVE feature 0x004: 'AVX registers'
[    0.000000] x86/fpu: xstate_offset[2]:  576, xstate_sizes[2]:  256
[    0.000000] x86/fpu: Enabled xstate features 0x7, context size is 832 bytes, using 'compacted' format.
[    0.000000] signal: max sigframe size: 1776
[    0.000000] BIOS-provided physical RAM map:
[    0.000000] BIOS-e820: [mem 0x0000000000000000-0x000000000009ffff] usable
[    0.000000] BIOS-e820: [mem 0x00000000000c0000-0x00000000000fffff] reserved
[    0.000000] BIOS-e820: [mem 0x0000000000100000-0x00000000f6d93fff] usable
[    0.000000] BIOS-e820: [mem 0x00000000f6d94000-0x00000000f6d94fff] ACPI data
[    0.000000] BIOS-e820: [mem 0x00000000f6d95000-0x00000000f6ecbfff] usable
[    0.000000] BIOS-e820: [mem 0x00000000f6ecc000-0x00000000f6eeafff] ACPI data
[    0.000000] BIOS-e820: [mem 0x00000000f6eeb000-0x00000000f6f1afff] reserved
[    0.000000] BIOS-e820: [mem 0x00000000f6f1b000-0x00000000f7f9afff] usable
[    0.000000] BIOS-e820: [mem 0x00000000f7f9b000-0x00000000f7ff2fff] reserved
[    0.000000] BIOS-e820: [mem 0x00000000f7ff3000-0x00000000f7ffafff] ACPI data
[    0.000000] BIOS-e820: [mem 0x00000000f7ffb000-0x00000000f7ffefff] ACPI NVS
[    0.000000] BIOS-e820: [mem 0x00000000f7fff000-0x00000000f7ffffff] usable
[    0.000000] BIOS-e820: [mem 0x0000000100000000-0x0000000407ffffff] usable
[    0.000000] NX (Execute Disable) protection: active
[    0.000000] efi: EFI v2.70 by Microsoft
[    0.000000] efi: ACPI=0xf7ffa000 ACPI 2.0=0xf7ffa014 SMBIOS=0xf7fd8000 SMBIOS 3.0=0xf7fd6000 MEMATTR=0xf7340298 MOKvar=0xf7a23000 RNG=0xf7fda818 
[    0.000000] efi: seeding entropy pool
[    0.000000] random: crng init done
[    0.000000] secureboot: Secure boot disabled
[    0.000000] SMBIOS 3.1.0 present.
[    0.000000] DMI: Microsoft Corporation Virtual Machine/Virtual Machine, BIOS Hyper-V UEFI Release v4.0 11/01/2019
[    0.000000] Hypervisor detected: Microsoft Hyper-V
[    0.000000] Hyper-V: privilege flags low 0x2e7f, high 0x3b8030, hints 0x20c2c, misc 0xbed7b2
[    0.000000] Hyper-V Host Build:19041-10.0-2-0.2486
[    0.000000] Hyper-V: LAPIC Timer Frequency: 0xc3500
[    0.000000] Hyper-V: Using hypercall for remote TLB flush
[    0.000000] clocksource: hyperv_clocksource_tsc_page: mask: 0xffffffffffffffff max_cycles: 0x24e6a1710, max_idle_ns: 440795202120 ns
[    0.000001] tsc: Marking TSC unstable due to running on Hyper-V
[    0.000003] tsc: Detected 2208.008 MHz processor
[    0.000013] e820: update [mem 0x00000000-0x00000fff] usable ==> reserved
[    0.000016] e820: remove [mem 0x000a0000-0x000fffff] usable
[    0.000022] last_pfn = 0x408000 max_arch_pfn = 0x400000000
[    0.000046] x86/PAT: Configuration [0-7]: WB  WC  UC- UC  WB  WP  UC- WT  
[    0.000063] last_pfn = 0xf8000 max_arch_pfn = 0x400000000
[    0.012091] e820: update [mem 0xf7a23000-0xf7a23fff] usable ==> reserved
[    0.012113] Using GB pages for direct mapping
[    0.012544] secureboot: Secure boot disabled
[    0.012547] RAMDISK: [mem 0x3617e000-0x3c7ccfff]
[    0.012553] ACPI: Early table checksum verification disabled
[    0.012557] ACPI: RSDP 0x00000000F7FFA014 000024 (v02 VRTUAL)
[    0.012562] ACPI: XSDT 0x00000000F7FF90E8 00005C (v01 VRTUAL MICROSFT 00000001 MSFT 00000001)
[    0.012568] ACPI: FACP 0x00000000F7FF8000 000114 (v06 VRTUAL MICROSFT 00000001 MSFT 00000001)
[    0.012574] ACPI: DSDT 0x00000000F6ECC000 01E184 (v02 MSFTVM DSDT01   00000001 MSFT 05000000)
[    0.012578] ACPI: FACS 0x00000000F7FFE000 000040
[    0.012581] ACPI: OEM0 0x00000000F7FF7000 000064 (v01 VRTUAL MICROSFT 00000001 MSFT 00000001)
[    0.012585] ACPI: WAET 0x00000000F7FF6000 000028 (v01 VRTUAL MICROSFT 00000001 MSFT 00000001)
[    0.012588] ACPI: APIC 0x00000000F7FF5000 000068 (v04 VRTUAL MICROSFT 00000001 MSFT 00000001)
[    0.012592] ACPI: SRAT 0x00000000F7FF4000 0001B0 (v02 VRTUAL MICROSFT 00000001 MSFT 00000001)
[    0.012595] ACPI: BGRT 0x00000000F7FF3000 000038 (v01 VRTUAL MICROSFT 00000001 MSFT 00000001)
[    0.012599] ACPI: FPDT 0x00000000F6D94000 000034 (v01 VRTUAL MICROSFT 00000001 MSFT 00000001)
[    0.012601] ACPI: Reserving FACP table memory at [mem 0xf7ff8000-0xf7ff8113]
[    0.012604] ACPI: Reserving DSDT table memory at [mem 0xf6ecc000-0xf6eea183]
[    0.012605] ACPI: Reserving FACS table memory at [mem 0xf7ffe000-0xf7ffe03f]
[    0.012606] ACPI: Reserving OEM0 table memory at [mem 0xf7ff7000-0xf7ff7063]
[    0.012607] ACPI: Reserving WAET table memory at [mem 0xf7ff6000-0xf7ff6027]
[    0.012608] ACPI: Reserving APIC table memory at [mem 0xf7ff5000-0xf7ff5067]
[    0.012609] ACPI: Reserving SRAT table memory at [mem 0xf7ff4000-0xf7ff41af]
[    0.012610] ACPI: Reserving BGRT table memory at [mem 0xf7ff3000-0xf7ff3037]
[    0.012611] ACPI: Reserving FPDT table memory at [mem 0xf6d94000-0xf6d94033]
[    0.012705] SRAT: PXM 0 -> APIC 0x00 -> Node 0
[    0.012707] SRAT: PXM 0 -> APIC 0x01 -> Node 0
[    0.012708] SRAT: PXM 0 -> APIC 0x02 -> Node 0
[    0.012709] SRAT: PXM 0 -> APIC 0x03 -> Node 0
[    0.012711] ACPI: SRAT: Node 0 PXM 0 [mem 0x00000000-0xf7ffffff] hotplug
[    0.012714] ACPI: SRAT: Node 0 PXM 0 [mem 0x100000000-0x407ffffff] hotplug
[    0.012715] ACPI: SRAT: Node 0 PXM 0 [mem 0x408000000-0xfdfffffff] hotplug
[    0.012716] ACPI: SRAT: Node 0 PXM 0 [mem 0x1000000000-0xffffffffff] hotplug
[    0.012718] ACPI: SRAT: Node 0 PXM 0 [mem 0x10000000000-0x1ffffffffff] hotplug
[    0.012719] ACPI: SRAT: Node 0 PXM 0 [mem 0x20000000000-0x3ffffffffff] hotplug
[    0.012720] ACPI: SRAT: Node 0 PXM 0 [mem 0x40000000000-0x7ffffffffff] hotplug
[    0.012722] ACPI: SRAT: Node 0 PXM 0 [mem 0x80000000000-0xfffffffffff] hotplug
[    0.012724] NUMA: Node 0 [mem 0x00000000-0xf7ffffff] + [mem 0x100000000-0x407ffffff] -> [mem 0x00000000-0x407ffffff]
[    0.012733] NODE_DATA(0) allocated [mem 0x407fd6000-0x407ffffff]
[    0.013285] Zone ranges:
[    0.013288]   DMA      [mem 0x0000000000001000-0x0000000000ffffff]
[    0.013301]   DMA32    [mem 0x0000000001000000-0x00000000ffffffff]
[    0.013304]   Normal   [mem 0x0000000100000000-0x0000000407ffffff]
[    0.013306]   Device   empty
[    0.013307] Movable zone start for each node
[    0.013309] Early memory node ranges
[    0.013310]   node   0: [mem 0x0000000000001000-0x000000000009ffff]
[    0.013312]   node   0: [mem 0x0000000000100000-0x00000000f6d93fff]
[    0.013313]   node   0: [mem 0x00000000f6d95000-0x00000000f6ecbfff]
[    0.013314]   node   0: [mem 0x00000000f6f1b000-0x00000000f7f9afff]
[    0.013315]   node   0: [mem 0x00000000f7fff000-0x00000000f7ffffff]
[    0.013316]   node   0: [mem 0x0000000100000000-0x0000000407ffffff]
[    0.013319] Initmem setup node 0 [mem 0x0000000000001000-0x0000000407ffffff]
[    0.013323] On node 0, zone DMA: 1 pages in unavailable ranges
[    0.013351] On node 0, zone DMA: 96 pages in unavailable ranges
[    0.021601] On node 0, zone DMA32: 1 pages in unavailable ranges
[    0.021636] On node 0, zone DMA32: 79 pages in unavailable ranges
[    0.021639] On node 0, zone DMA32: 100 pages in unavailable ranges
[    0.046606] ACPI: PM-Timer IO Port: 0x408
[    0.046618] ACPI: LAPIC_NMI (acpi_id[0x01] dfl dfl lint[0x1])
[    0.046884] IOAPIC[0]: apic_id 4, version 17, address 0xfec00000, GSI 0-23
[    0.046891] ACPI: INT_SRC_OVR (bus 0 bus_irq 9 global_irq 9 high level)
[    0.046896] ACPI: Using ACPI (MADT) for SMP configuration information
[    0.046904] e820: update [mem 0xf734c000-0xf7352fff] usable ==> reserved
[    0.046920] smpboot: Allowing 4 CPUs, 0 hotplug CPUs
[    0.046934] PM: hibernation: Registered nosave memory: [mem 0x00000000-0x00000fff]
[    0.046936] PM: hibernation: Registered nosave memory: [mem 0x000a0000-0x000bffff]
[    0.046937] PM: hibernation: Registered nosave memory: [mem 0x000c0000-0x000fffff]
[    0.046939] PM: hibernation: Registered nosave memory: [mem 0xf6d94000-0xf6d94fff]
[    0.046940] PM: hibernation: Registered nosave memory: [mem 0xf6ecc000-0xf6eeafff]
[    0.046941] PM: hibernation: Registered nosave memory: [mem 0xf6eeb000-0xf6f1afff]
[    0.046943] PM: hibernation: Registered nosave memory: [mem 0xf734c000-0xf7352fff]
[    0.046945] PM: hibernation: Registered nosave memory: [mem 0xf7a23000-0xf7a23fff]
[    0.046946] PM: hibernation: Registered nosave memory: [mem 0xf7f9b000-0xf7ff2fff]
[    0.046947] PM: hibernation: Registered nosave memory: [mem 0xf7ff3000-0xf7ffafff]
[    0.046948] PM: hibernation: Registered nosave memory: [mem 0xf7ffb000-0xf7ffefff]
[    0.046949] PM: hibernation: Registered nosave memory: [mem 0xf8000000-0xffffffff]
[    0.046951] [mem 0xf8000000-0xffffffff] available for PCI devices
[    0.046952] Booting paravirtualized kernel on Hyper-V
[    0.046955] clocksource: refined-jiffies: mask: 0xffffffff max_cycles: 0xffffffff, max_idle_ns: 7645519600211568 ns
[    0.046962] setup_percpu: NR_CPUS:8192 nr_cpumask_bits:4 nr_cpu_ids:4 nr_node_ids:1
[    0.047071] percpu: Embedded 60 pages/cpu s208896 r8192 d28672 u524288
[    0.047078] pcpu-alloc: s208896 r8192 d28672 u524288 alloc=1*2097152
[    0.047080] pcpu-alloc: [0] 0 1 2 3 
[    0.047099] Hyper-V: PV spinlocks enabled
[    0.047102] PV qspinlock hash table entries: 256 (order: 0, 4096 bytes, linear)
[    0.047106] Built 1 zonelists, mobility grouping on.  Total pages: 4126498
[    0.047108] Policy zone: Normal
[    0.047109] Kernel command line: BOOT_IMAGE=/vmlinuz-5.15.0-58-generic root=/dev/mapper/ubuntu--vg-ubuntu--lv ro
[    0.047141] Unknown kernel command line parameters "BOOT_IMAGE=/vmlinuz-5.15.0-58-generic", will be passed to user space.
[    0.047795] Dentry cache hash table entries: 2097152 (order: 12, 16777216 bytes, linear)
[    0.048135] Inode-cache hash table entries: 1048576 (order: 11, 8388608 bytes, linear)
[    0.048222] mem auto-init: stack:off, heap alloc:on, heap free:off
[    0.092634] Memory: 16256452K/16776108K available (16393K kernel code, 4378K rwdata, 10812K rodata, 3232K init, 6568K bss, 519396K reserved, 0K cma-reserved)
[    0.092739] SLUB: HWalign=64, Order=0-3, MinObjects=0, CPUs=4, Nodes=1
[    0.092752] ftrace: allocating 50532 entries in 198 pages
[    0.120185] ftrace: allocated 198 pages with 4 groups
[    0.120306] rcu: Hierarchical RCU implementation.
[    0.120309] rcu: 	RCU restricting CPUs from NR_CPUS=8192 to nr_cpu_ids=4.
[    0.120311] 	Rude variant of Tasks RCU enabled.
[    0.120313] 	Tracing variant of Tasks RCU enabled.
[    0.120314] rcu: RCU calculated value of scheduler-enlistment delay is 25 jiffies.
[    0.120316] rcu: Adjusting geometry for rcu_fanout_leaf=16, nr_cpu_ids=4
[    0.124436] Using NULL legacy PIC
[    0.124439] NR_IRQS: 524544, nr_irqs: 456, preallocated irqs: 0
[    0.124869] Console: colour dummy device 80x25
[    0.125065] printk: console [tty0] enabled
[    0.125084] ACPI: Core revision 20210730
[    0.125218] Failed to register legacy timer interrupt
[    0.125221] APIC: Switch to symmetric I/O mode setup
[    0.125356] Hyper-V: Using IPI hypercalls
[    0.125358] Hyper-V: Using enlightened APIC (xapic mode)
[    0.125481] Calibrating delay loop (skipped), value calculated using timer frequency.. 4416.01 BogoMIPS (lpj=8832032)
[    0.125488] pid_max: default: 32768 minimum: 301
[    0.126255] LSM: Security Framework initializing
[    0.126268] landlock: Up and running.
[    0.126270] Yama: becoming mindful.
[    0.126291] AppArmor: AppArmor initialized
[    0.126336] Mount-cache hash table entries: 32768 (order: 6, 262144 bytes, linear)
[    0.126359] Mountpoint-cache hash table entries: 32768 (order: 6, 262144 bytes, linear)
[    0.126742] Last level iTLB entries: 4KB 64, 2MB 8, 4MB 8
[    0.126746] Last level dTLB entries: 4KB 64, 2MB 0, 4MB 0, 1GB 4
[    0.126755] Spectre V1 : Mitigation: usercopy/swapgs barriers and __user pointer sanitization
[    0.126758] Spectre V2 : Mitigation: Enhanced IBRS
[    0.126760] Spectre V2 : Spectre v2 / SpectreRSB mitigation: Filling RSB on context switch
[    0.126762] Spectre V2 : Spectre v2 / PBRSB-eIBRS: Retire a single CALL on VMEXIT
[    0.126764] RETBleed: Mitigation: Enhanced IBRS
[    0.126767] Spectre V2 : mitigation: Enabling conditional Indirect Branch Prediction Barrier
[    0.126770] Speculative Store Bypass: Mitigation: Speculative Store Bypass disabled via prctl and seccomp
[    0.126775] TAA: Mitigation: TSX disabled
[    0.126776] MMIO Stale Data: Vulnerable: Clear CPU buffers attempted, no microcode
[    0.126779] SRBDS: Unknown: Dependent on hypervisor status
[    0.129477] Freeing SMP alternatives memory: 40K
[    0.129477] smpboot: CPU0: Intel(R) Core(TM) i5-10310U CPU @ 1.70GHz (family: 0x6, model: 0x8e, stepping: 0xc)
[    0.129477] Performance Events: unsupported p6 CPU model 142 no PMU driver, software events only.
[    0.129477] rcu: Hierarchical SRCU implementation.
[    0.129477] NMI watchdog: Perf NMI watchdog permanently disabled
[    0.129477] smp: Bringing up secondary CPUs ...
[    0.129477] x86: Booting SMP configuration:
[    0.129477] .... node  #0, CPUs:      #1
[    0.129477] MMIO Stale Data CPU bug present and SMT on, data leak possible. See https://www.kernel.org/doc/html/latest/admin-guide/hw-vuln/processor_mmio_stale_data.html for more details.
[    0.129477]  #2 #3
[    0.129477] smp: Brought up 1 node, 4 CPUs
[    0.129477] smpboot: Max logical packages: 1
[    0.129477] smpboot: Total of 4 processors activated (17664.06 BogoMIPS)
[    0.130380] devtmpfs: initialized
[    0.130380] x86/mm: Memory block size: 128MB
[    0.130454] ACPI: PM: Registering ACPI NVS region [mem 0xf7ffb000-0xf7ffefff] (16384 bytes)
[    0.130454] clocksource: jiffies: mask: 0xffffffff max_cycles: 0xffffffff, max_idle_ns: 7645041785100000 ns
[    0.130454] futex hash table entries: 1024 (order: 4, 65536 bytes, linear)
[    0.130454] pinctrl core: initialized pinctrl subsystem
[    0.130454] PM: RTC time: 07:01:08, date: 2023-02-13
[    0.130454] NET: Registered PF_NETLINK/PF_ROUTE protocol family
[    0.130478] DMA: preallocated 2048 KiB GFP_KERNEL pool for atomic allocations
[    0.130576] DMA: preallocated 2048 KiB GFP_KERNEL|GFP_DMA pool for atomic allocations
[    0.130676] DMA: preallocated 2048 KiB GFP_KERNEL|GFP_DMA32 pool for atomic allocations
[    0.130688] audit: initializing netlink subsys (disabled)
[    0.130728] audit: type=2000 audit(1676271668.004:1): state=initialized audit_enabled=0 res=1
[    0.130728] thermal_sys: Registered thermal governor 'fair_share'
[    0.130728] thermal_sys: Registered thermal governor 'bang_bang'
[    0.130728] thermal_sys: Registered thermal governor 'step_wise'
[    0.130728] thermal_sys: Registered thermal governor 'user_space'
[    0.130728] thermal_sys: Registered thermal governor 'power_allocator'
[    0.130728] EISA bus registered
[    0.130728] cpuidle: using governor ladder
[    0.130728] cpuidle: using governor menu
[    0.130728] ACPI: bus type PCI registered
[    0.130728] acpiphp: ACPI Hot Plug PCI Controller Driver version: 0.5
[    0.134833] Kprobes globally optimized
[    0.134857] HugeTLB registered 1.00 GiB page size, pre-allocated 0 pages
[    0.134857] HugeTLB registered 2.00 MiB page size, pre-allocated 0 pages
[    0.141563] fbcon: Taking over console
[    0.141585] ACPI: Added _OSI(Module Device)
[    0.141587] ACPI: Added _OSI(Processor Device)
[    0.141589] ACPI: Added _OSI(3.0 _SCP Extensions)
[    0.141590] ACPI: Added _OSI(Processor Aggregator Device)
[    0.141592] ACPI: Added _OSI(Linux-Dell-Video)
[    0.141593] ACPI: Added _OSI(Linux-Lenovo-NV-HDMI-Audio)
[    0.141595] ACPI: Added _OSI(Linux-HPI-Hybrid-Graphics)
[    0.154334] ACPI: 1 ACPI AML tables successfully acquired and loaded
[    0.155418] ACPI: Interpreter enabled
[    0.155430] ACPI: PM: (supports S0 S5)
[    0.155432] ACPI: Using IOAPIC for interrupt routing
[    0.155446] PCI: Using host bridge windows from ACPI; if necessary, use "pci=nocrs" and report a bug
[    0.155448] PCI: Using E820 reservations for host bridge windows
[    0.155592] ACPI: Enabled 2 GPEs in block 00 to 0F
[    0.157355] iommu: Default domain type: Translated 
[    0.157355] iommu: DMA domain TLB invalidation policy: lazy mode 
[    0.157636] SCSI subsystem initialized
[    0.157661] libata version 3.00 loaded.
[    0.157661] vgaarb: loaded
[    0.157661] ACPI: bus type USB registered
[    0.157661] usbcore: registered new interface driver usbfs
[    0.157661] usbcore: registered new interface driver hub
[    0.157661] usbcore: registered new device driver usb
[    0.157661] pps_core: LinuxPPS API ver. 1 registered
[    0.157661] pps_core: Software ver. 5.3.6 - Copyright 2005-2007 Rodolfo Giometti <giometti@linux.it>
[    0.157661] PTP clock support registered
[    0.157661] EDAC MC: Ver: 3.0.0
[    0.157661] Registered efivars operations
[    0.157661] NetLabel: Initializing
[    0.157661] NetLabel:  domain hash size = 128
[    0.157661] NetLabel:  protocols = UNLABELED CIPSOv4 CALIPSO
[    0.157661] NetLabel:  unlabeled traffic allowed by default
[    0.157662] PCI: Using ACPI for IRQ routing
[    0.157662] PCI: System does not support PCI
[    0.158227] clocksource: Switched to clocksource hyperv_clocksource_tsc_page
[    0.166578] VFS: Disk quotas dquot_6.6.0
[    0.166593] VFS: Dquot-cache hash table entries: 512 (order 0, 4096 bytes)
[    0.166731] AppArmor: AppArmor Filesystem Enabled
[    0.166772] pnp: PnP ACPI init
[    0.167349] pnp: PnP ACPI: found 1 devices
[    0.177246] clocksource: acpi_pm: mask: 0xffffff max_cycles: 0xffffff, max_idle_ns: 2085701024 ns
[    0.177348] NET: Registered PF_INET protocol family
[    0.177507] IP idents hash table entries: 262144 (order: 9, 2097152 bytes, linear)
[    0.179501] tcp_listen_portaddr_hash hash table entries: 8192 (order: 5, 131072 bytes, linear)
[    0.179532] Table-perturb hash table entries: 65536 (order: 6, 262144 bytes, linear)
[    0.179590] TCP established hash table entries: 131072 (order: 8, 1048576 bytes, linear)
[    0.179741] TCP bind hash table entries: 65536 (order: 8, 1048576 bytes, linear)
[    0.179800] TCP: Hash tables configured (established 131072 bind 65536)
[    0.179864] MPTCP token hash table entries: 16384 (order: 6, 393216 bytes, linear)
[    0.179914] UDP hash table entries: 8192 (order: 6, 262144 bytes, linear)
[    0.179951] UDP-Lite hash table entries: 8192 (order: 6, 262144 bytes, linear)
[    0.180004] NET: Registered PF_UNIX/PF_LOCAL protocol family
[    0.180010] NET: Registered PF_XDP protocol family
[    0.180013] PCI: CLS 0 bytes, default 64
[    0.180045] PCI-DMA: Using software bounce buffering for IO (SWIOTLB)
[    0.180049] software IO TLB: mapped [mem 0x00000000f2966000-0x00000000f6966000] (64MB)
[    0.180103] Trying to unpack rootfs image as initramfs...
[    0.180956] Initialise system trusted keyrings
[    0.180971] Key type blacklist registered
[    0.181189] workingset: timestamp_bits=36 max_order=22 bucket_order=0
[    0.182402] zbud: loaded
[    0.182605] squashfs: version 4.0 (2009/01/31) Phillip Lougher
[    0.182980] fuse: init (API version 7.34)
[    0.183374] integrity: Platform Keyring initialized
[    0.191482] Key type asymmetric registered
[    0.191490] Asymmetric key parser 'x509' registered
[    0.191522] Block layer SCSI generic (bsg) driver version 0.4 loaded (major 243)
[    0.191642] io scheduler mq-deadline registered
[    0.192030] shpchp: Standard Hot Plug PCI Controller Driver version: 0.4
[    0.192257] ACPI: AC: AC Adapter [AC1] (on-line)
[    0.192819] Serial: 8250/16550 driver, 32 ports, IRQ sharing enabled
[    0.194803] ACPI: battery: Slot [BAT1] (battery present)
[    0.196860] Linux agpgart interface v0.103
[    0.198847] loop: module loaded
[    0.199168] tun: Universal TUN/TAP device driver, 1.6
[    0.199248] PPP generic driver version 2.4.2
[    0.199404] VFIO - User Level meta-driver version: 0.3
[    0.199585] ehci_hcd: USB 2.0 'Enhanced' Host Controller (EHCI) Driver
[    0.199594] ehci-pci: EHCI PCI platform driver
[    0.199603] ehci-platform: EHCI generic platform driver
[    0.199612] ohci_hcd: USB 1.1 'Open' Host Controller (OHCI) Driver
[    0.199616] ohci-pci: OHCI PCI platform driver
[    0.199623] ohci-platform: OHCI generic platform driver
[    0.199630] uhci_hcd: USB Universal Host Controller Interface driver
[    0.199683] i8042: PNP: No PS/2 controller found.
[    0.199839] mousedev: PS/2 mouse device common for all mice
[    0.200183] rtc_cmos 00:00: RTC can wake from S4
[    0.202529] rtc_cmos 00:00: registered as rtc0
[    0.203013] rtc_cmos 00:00: setting system clock to 2023-02-13T07:01:08 UTC (1676271668)
[    0.203041] rtc_cmos 00:00: alarms up to one month, 114 bytes nvram
[    0.203056] i2c_dev: i2c /dev entries driver
[    0.203088] device-mapper: core: CONFIG_IMA_DISABLE_HTABLE is disabled. Duplicate IMA measurements will not be recorded in the IMA log.
[    0.203123] device-mapper: uevent: version 1.0.3
[    0.203240] device-mapper: ioctl: 4.45.0-ioctl (2021-03-22) initialised: dm-devel@redhat.com
[    0.203273] platform eisa.0: Probing EISA bus 0
[    0.203295] platform eisa.0: EISA: Detected 0 cards
[    0.203300] intel_pstate: CPU model not supported
[    0.203706] ledtrig-cpu: registered to indicate activity on CPUs
[    0.203735] efifb: probing for efifb
[    0.203747] efifb: framebuffer at 0xf8000000, using 3072k, total 3072k
[    0.203750] efifb: mode is 1024x768x32, linelength=4096, pages=1
[    0.203752] efifb: scrolling: redraw
[    0.203753] efifb: Truecolor: size=8:8:8:8, shift=24:16:8:0
[    0.203881] Console: switching to colour frame buffer device 128x48
[    0.206245] fb0: EFI VGA frame buffer device
[    0.206278] EFI Variables Facility v0.08 2004-May-17
[    0.229807] intel_pmc_core intel_pmc_core.0:  initialized
[    0.229891] drop_monitor: Initializing network drop monitor service
[    0.230052] NET: Registered PF_INET6 protocol family
[    0.911727] Freeing initrd memory: 104764K
[    0.918406] Segment Routing with IPv6
[    0.918495] In-situ OAM (IOAM) with IPv6
[    0.918534] NET: Registered PF_PACKET protocol family
[    0.918816] Key type dns_resolver registered
[    0.919815] IPI shorthand broadcast: enabled
[    0.919927] sched_clock: Marking stable (919096900, 673800)->(944702900, -24932200)
[    0.920349] registered taskstats version 1
[    0.920827] Loading compiled-in X.509 certificates
[    0.921862] Loaded X.509 cert 'Build time autogenerated kernel key: 506bbeb375a739f193260990a9361a99a99bed1c'
[    0.922468] Loaded X.509 cert 'Canonical Ltd. Live Patch Signing: 14df34d1a87cf37625abec039ef2bf521249b969'
[    0.922979] Loaded X.509 cert 'Canonical Ltd. Kernel Module Signing: 88f752e560a1e0737e31163a466ad7b70a850c19'
[    0.923063] blacklist: Loading compiled-in revocation X.509 certificates
[    0.923100] Loaded X.509 cert 'Canonical Ltd. Secure Boot Signing: 61482aa2830d0ab2ad5af10b7250da9033ddcef0'
[    0.923270] zswap: loaded using pool lzo/zbud
[    0.924024] Key type ._fscrypt registered
[    0.924088] Key type .fscrypt registered
[    0.924101] Key type fscrypt-provisioning registered
[    0.930344] Key type encrypted registered
[    0.930876] AppArmor: AppArmor sha1 policy hashing enabled
[    0.932194] integrity: Loading X.509 certificate: UEFI:db
[    0.932737] integrity: Loaded X.509 cert 'Microsoft Windows Production PCA 2011: a92902398e16c49778cd90f99e4f9ae17c55af53'
[    0.934042] integrity: Loading X.509 certificate: UEFI:MokListRT (MOKvar table)
[    0.935173] integrity: Loaded X.509 cert 'Canonical Ltd. Master Certificate Authority: ad91990bc22ab1f517048c23b6655a268e345a63'
[    0.936280] ima: No TPM chip found, activating TPM-bypass!
[    0.936828] Loading compiled-in module X.509 certificates
[    0.937899] Loaded X.509 cert 'Build time autogenerated kernel key: 506bbeb375a739f193260990a9361a99a99bed1c'
[    0.938472] ima: Allocated hash algorithm: sha1
[    0.939048] ima: No architecture policies found
[    0.939611] evm: Initialising EVM extended attributes:
[    0.940173] evm: security.selinux
[    0.940710] evm: security.SMACK64
[    0.941263] evm: security.SMACK64EXEC
[    0.941840] evm: security.SMACK64TRANSMUTE
[    0.942394] evm: security.SMACK64MMAP
[    0.943125] evm: security.apparmor
[    0.943683] evm: security.ima
[    0.944224] evm: security.capability
[    0.944754] evm: HMAC attrs: 0x1
[    0.945658] PM:   Magic number: 11:652:15
[    0.946188] memory memory59: hash matches
[    0.947164] RAS: Correctable Errors collector initialized.
[    0.948911] Freeing unused decrypted memory: 2036K
[    0.949920] Freeing unused kernel image (initmem) memory: 3232K
[    0.973581] Write protecting the kernel read-only data: 30720k
[    0.975600] Freeing unused kernel image (text/rodata gap) memory: 2036K
[    0.976510] Freeing unused kernel image (rodata/data gap) memory: 1476K
[    0.993828] x86/mm: Checked W+X mappings: passed, no W+X pages found.
[    0.994413] Run /init as init process
[    0.994934]   with arguments:
[    0.994936]     /init
[    0.994937]   with environment:
[    0.994938]     HOME=/
[    0.994938]     TERM=linux
[    0.994939]     BOOT_IMAGE=/vmlinuz-5.15.0-58-generic
[    1.083674] hv_vmbus: Vmbus version:5.2
[    1.084259] cryptd: max_cpu_qlen set to 1000
[    1.105696] AVX2 version of gcm_enc/dec engaged.
[    1.117562] AES CTR mode by8 optimization enabled
[    1.139542] hv_vmbus: registering driver hv_storvsc
[    1.141680] hv_utils: Registering HyperV Utility Driver
[    1.142294] hv_vmbus: registering driver hv_utils
[    1.145804] hv_utils: Heartbeat IC version 3.0
[    1.146617] hv_utils: Shutdown IC version 3.2
[    1.147773] hv_utils: TimeSync IC version 4.0
[    1.148280] hv_utils: VSS IC version 5.0
[    1.150576] scsi host0: storvsc_host_t
[    1.158722] hv_vmbus: registering driver hyperv_keyboard
[    1.162516] scsi 0:0:0:0: Direct-Access     Msft     Virtual Disk     1.0  PQ: 0 ANSI: 5
[    1.163802] scsi 0:0:0:1: CD-ROM            Msft     Virtual DVD-ROM  1.0  PQ: 0 ANSI: 0
[    1.165617] hid: raw HID events driver (C) Jiri Kosina
[    1.165722] input: AT Translated Set 2 keyboard as /devices/LNXSYSTM:00/LNXSYBUS:00/ACPI0004:00/VMBUS:00/d34b2567-b9b6-42b9-8778-0a4ec0b955bf/serio0/input/input0
[    1.169160] hv_vmbus: registering driver hv_netvsc
[    1.169775] scsi 0:0:0:0: Attached scsi generic sg0 type 0
[    1.172943] sr 0:0:0:1: [sr0] scsi-1 drive
[    1.173398] cdrom: Uniform CD-ROM driver Revision: 3.20
[    1.174178] sd 0:0:0:0: [sda] 167772160 512-byte logical blocks: (85.9 GB/80.0 GiB)
[    1.174360] sr 0:0:0:1: Attached scsi CD-ROM sr0
[    1.174693] sd 0:0:0:0: [sda] 4096-byte physical blocks
[    1.175405] sd 0:0:0:0: [sda] Write Protect is off
[    1.176056] sd 0:0:0:0: [sda] Mode Sense: 0f 00 00 00
[    1.176374] sd 0:0:0:0: [sda] Write cache: enabled, read cache: enabled, doesn't support DPO or FUA
[    1.177462] sr 0:0:0:1: Attached scsi generic sg1 type 5
[    1.225490]  sda: sda1 sda2 sda3
[    1.241933] sd 0:0:0:0: [sda] Attached SCSI disk
[    1.244115] hv_vmbus: registering driver hid_hyperv
[    1.245793] input: Microsoft Vmbus HID-compliant Mouse as /devices/0006:045E:0621.0001/input/input1
[    1.247585] hid 0006:045E:0621.0001: input: VIRTUAL HID v0.01 Mouse [Microsoft Vmbus HID-compliant Mouse] on 
[    1.266795] hv_vmbus: registering driver hyperv_drm
[    1.269046] hyperv_drm 5620e0c7-8062-4dce-aeb7-520c7ef76171: [drm] Synthvid Version major 3, minor 5
[    1.270436] Console: switching to colour dummy device 80x25
[    1.271179] [drm] Initialized hyperv_drm 1.0.0 2020 for 5620e0c7-8062-4dce-aeb7-520c7ef76171 on minor 0
[    1.273122] Console: switching to colour frame buffer device 128x48
[    1.276532] hyperv_drm 5620e0c7-8062-4dce-aeb7-520c7ef76171: [drm] fb0: hyperv_drmdrmfb frame buffer device
[    1.653544] raid6: avx2x4   gen() 30235 MB/s
[    1.721511] raid6: avx2x4   xor() 13733 MB/s
[    1.789549] raid6: avx2x2   gen() 25504 MB/s
[    1.857548] raid6: avx2x2   xor() 17898 MB/s
[    1.925517] raid6: avx2x1   gen() 19299 MB/s
[    1.993528] raid6: avx2x1   xor() 12329 MB/s
[    2.061550] raid6: sse2x4   gen() 11918 MB/s
[    2.129514] raid6: sse2x4   xor()  7365 MB/s
[    2.197549] raid6: sse2x2   gen() 12247 MB/s
[    2.265514] raid6: sse2x2   xor()  7336 MB/s
[    2.333531] raid6: sse2x1   gen() 10002 MB/s
[    2.401561] raid6: sse2x1   xor()  5545 MB/s
[    2.401599] raid6: using algorithm avx2x4 gen() 30235 MB/s
[    2.401639] raid6: .... xor() 13733 MB/s, rmw enabled
[    2.401721] raid6: using avx2x2 recovery algorithm
[    2.402997] xor: automatically using best checksumming function   avx       
[    2.404246] async_tx: api initialized (async)
[    2.594477] Btrfs loaded, crc32c=crc32c-intel, zoned=yes, fsverity=yes
[    2.602685] hv_storvsc 7c32ee81-acca-4334-b3c7-1e2af69cf681: tag#69 cmd 0x51 status: scsi 0x2 srb 0x84 hv 0xc0000001
[    2.603494] hv_storvsc 7c32ee81-acca-4334-b3c7-1e2af69cf681: tag#70 cmd 0x43 status: scsi 0x2 srb 0x84 hv 0xc0000001
[    2.604261] sr 0:0:0:1: [sr0] CDROM not ready.  Make sure there is a disc in the drive.
[    2.605209] hv_storvsc 7c32ee81-acca-4334-b3c7-1e2af69cf681: tag#71 cmd 0x28 status: scsi 0x2 srb 0x84 hv 0xc0000001
[    2.606003] sr 0:0:0:1: [sr0] tag#71 FAILED Result: hostbyte=DID_OK driverbyte=DRIVER_OK cmd_age=0s
[    2.606761] sr 0:0:0:1: [sr0] tag#71 Sense Key : Not Ready [current] 
[    2.607496] sr 0:0:0:1: [sr0] tag#71 Add. Sense: Medium not present - tray closed
[    2.608286] sr 0:0:0:1: [sr0] tag#71 CDB: Read(10) 28 00 00 07 ff fc 00 00 02 00
[    2.609407] blk_update_request: I/O error, dev sr0, sector 2097136 op 0x0:(READ) flags 0x80700 phys_seg 1 prio class 0
[    2.610522] sr 0:0:0:1: [sr0] tag#72 unaligned transfer
[    2.611601] blk_update_request: I/O error, dev sr0, sector 2097136 op 0x0:(READ) flags 0x0 phys_seg 1 prio class 0
[    2.612973] Buffer I/O error on dev sr0, logical block 2097136, async page read
[    2.614346] sr 0:0:0:1: [sr0] tag#73 unaligned transfer
[    2.615240] blk_update_request: I/O error, dev sr0, sector 2097137 op 0x0:(READ) flags 0x0 phys_seg 1 prio class 0
[    2.616141] Buffer I/O error on dev sr0, logical block 2097137, async page read
[    2.617464] sr 0:0:0:1: [sr0] tag#74 unaligned transfer
[    2.618441] blk_update_request: I/O error, dev sr0, sector 2097138 op 0x0:(READ) flags 0x0 phys_seg 1 prio class 0
[    2.619329] Buffer I/O error on dev sr0, logical block 2097138, async page read
[    2.620817] sr 0:0:0:1: [sr0] tag#75 unaligned transfer
[    2.621735] blk_update_request: I/O error, dev sr0, sector 2097139 op 0x0:(READ) flags 0x0 phys_seg 1 prio class 0
[    2.622625] Buffer I/O error on dev sr0, logical block 2097139, async page read
[    2.624349] sr 0:0:0:1: [sr0] tag#76 unaligned transfer
[    2.625524] blk_update_request: I/O error, dev sr0, sector 2097140 op 0x0:(READ) flags 0x0 phys_seg 1 prio class 0
[    2.627381] Buffer I/O error on dev sr0, logical block 2097140, async page read
[    2.629698] sr 0:0:0:1: [sr0] tag#254 unaligned transfer
[    2.631094] blk_update_request: I/O error, dev sr0, sector 2097141 op 0x0:(READ) flags 0x0 phys_seg 1 prio class 0
[    2.632038] Buffer I/O error on dev sr0, logical block 2097141, async page read
[    2.632966] sr 0:0:0:1: [sr0] tag#255 unaligned transfer
[    2.633934] blk_update_request: I/O error, dev sr0, sector 2097142 op 0x0:(READ) flags 0x0 phys_seg 1 prio class 0
[    2.634886] Buffer I/O error on dev sr0, logical block 2097142, async page read
[    2.635889] sr 0:0:0:1: [sr0] tag#192 unaligned transfer
[    2.636860] blk_update_request: I/O error, dev sr0, sector 2097143 op 0x0:(READ) flags 0x0 phys_seg 1 prio class 0
[    2.637908] Buffer I/O error on dev sr0, logical block 2097143, async page read
[    2.639700] hv_storvsc 7c32ee81-acca-4334-b3c7-1e2af69cf681: tag#193 cmd 0x28 status: scsi 0x2 srb 0x84 hv 0xc0000001
[    2.640912] sr 0:0:0:1: [sr0] tag#193 FAILED Result: hostbyte=DID_OK driverbyte=DRIVER_OK cmd_age=0s
[    2.642171] sr 0:0:0:1: [sr0] tag#193 Sense Key : Not Ready [current] 
[    2.643824] sr 0:0:0:1: [sr0] tag#193 Add. Sense: Medium not present - tray closed
[    2.645448] sr 0:0:0:1: [sr0] tag#193 CDB: Read(10) 28 00 00 00 00 00 00 00 02 00
[    2.647297] blk_update_request: I/O error, dev sr0, sector 0 op 0x0:(READ) flags 0x80700 phys_seg 1 prio class 0
[    2.649188] sr 0:0:0:1: [sr0] tag#279 unaligned transfer
[    2.650854] Buffer I/O error on dev sr0, logical block 0, async page read
[    2.652100] sr 0:0:0:1: [sr0] tag#280 unaligned transfer
[    2.653420] Buffer I/O error on dev sr0, logical block 1, async page read
[    2.654821] sr 0:0:0:1: [sr0] tag#281 unaligned transfer
[    2.656160] sr 0:0:0:1: [sr0] tag#282 unaligned transfer
[    2.657688] sr 0:0:0:1: [sr0] tag#283 unaligned transfer
[    2.659966] sr 0:0:0:1: [sr0] tag#284 unaligned transfer
[    2.662714] sr 0:0:0:1: [sr0] tag#285 unaligned transfer
[    2.664149] sr 0:0:0:1: [sr0] tag#286 unaligned transfer
[    2.665391] sr 0:0:0:1: [sr0] tag#287 unaligned transfer
[    2.666644] sr 0:0:0:1: [sr0] tag#288 unaligned transfer
[    2.667785] sr 0:0:0:1: [sr0] tag#289 unaligned transfer
[    2.669017] sr 0:0:0:1: [sr0] tag#290 unaligned transfer
[    2.670284] sr 0:0:0:1: [sr0] tag#291 unaligned transfer
[    2.671374] sr 0:0:0:1: [sr0] tag#292 unaligned transfer
[    2.672533] sr 0:0:0:1: [sr0] tag#293 unaligned transfer
[    2.673565] sr 0:0:0:1: [sr0] tag#294 unaligned transfer
[    2.674630] sr 0:0:0:1: [sr0] tag#295 unaligned transfer
[    2.675981] sr 0:0:0:1: [sr0] tag#296 unaligned transfer
[    2.677733] sr 0:0:0:1: [sr0] tag#297 unaligned transfer
[    2.678763] sr 0:0:0:1: [sr0] tag#298 unaligned transfer
[    2.680067] sr 0:0:0:1: [sr0] tag#299 unaligned transfer
[    2.681110] sr 0:0:0:1: [sr0] tag#300 unaligned transfer
[    2.682207] sr 0:0:0:1: [sr0] tag#301 unaligned transfer
[    2.683413] sr 0:0:0:1: [sr0] tag#302 unaligned transfer
[    2.684477] sr 0:0:0:1: [sr0] tag#303 unaligned transfer
[    2.685234] sr 0:0:0:1: [sr0] tag#304 unaligned transfer
[    2.685936] sr 0:0:0:1: [sr0] tag#305 unaligned transfer
[    2.686690] sr 0:0:0:1: [sr0] tag#306 unaligned transfer
[    2.687416] sr 0:0:0:1: [sr0] tag#307 unaligned transfer
[    2.688064] sr 0:0:0:1: [sr0] tag#308 unaligned transfer
[    2.688717] sr 0:0:0:1: [sr0] tag#309 unaligned transfer
[    2.689294] sr 0:0:0:1: [sr0] tag#310 unaligned transfer
[    2.689872] sr 0:0:0:1: [sr0] tag#311 unaligned transfer
[    2.690604] sr 0:0:0:1: [sr0] tag#312 unaligned transfer
[    2.691202] sr 0:0:0:1: [sr0] tag#313 unaligned transfer
[    2.691659] sr 0:0:0:1: [sr0] tag#314 unaligned transfer
[    2.692456] sr 0:0:0:1: [sr0] tag#315 unaligned transfer
[    2.693208] sr 0:0:0:1: [sr0] tag#256 unaligned transfer
[    2.694046] sr 0:0:0:1: [sr0] tag#257 unaligned transfer
[    2.694642] sr 0:0:0:1: [sr0] tag#258 unaligned transfer
[    2.695031] sr 0:0:0:1: [sr0] tag#259 unaligned transfer
[    2.695440] sr 0:0:0:1: [sr0] tag#260 unaligned transfer
[    2.695840] sr 0:0:0:1: [sr0] tag#261 unaligned transfer
[    2.696209] sr 0:0:0:1: [sr0] tag#262 unaligned transfer
[    2.696447] sr 0:0:0:1: [sr0] tag#263 unaligned transfer
[    2.696657] sr 0:0:0:1: [sr0] tag#264 unaligned transfer
[    2.696840] sr 0:0:0:1: [sr0] tag#265 unaligned transfer
[    2.697078] sr 0:0:0:1: [sr0] tag#266 unaligned transfer
[    2.697358] sr 0:0:0:1: [sr0] tag#267 unaligned transfer
[    2.697591] sr 0:0:0:1: [sr0] tag#268 unaligned transfer
[    2.697778] sr 0:0:0:1: [sr0] tag#269 unaligned transfer
[    2.697992] sr 0:0:0:1: [sr0] tag#270 unaligned transfer
[    2.698177] sr 0:0:0:1: [sr0] tag#271 unaligned transfer
[    2.698387] sr 0:0:0:1: [sr0] tag#272 unaligned transfer
[    2.698574] sr 0:0:0:1: [sr0] tag#273 unaligned transfer
[    2.698757] sr 0:0:0:1: [sr0] tag#274 unaligned transfer
[    2.698989] sr 0:0:0:1: [sr0] tag#275 unaligned transfer
[    2.699160] sr 0:0:0:1: [sr0] tag#276 unaligned transfer
[    2.699339] sr 0:0:0:1: [sr0] tag#277 unaligned transfer
[    2.699498] sr 0:0:0:1: [sr0] tag#278 unaligned transfer
[    2.699671] sr 0:0:0:1: [sr0] tag#279 unaligned transfer
[    2.699837] sr 0:0:0:1: [sr0] tag#280 unaligned transfer
[    2.700030] sr 0:0:0:1: [sr0] tag#281 unaligned transfer
[    2.700201] sr 0:0:0:1: [sr0] tag#282 unaligned transfer
[    2.700444] sr 0:0:0:1: [sr0] tag#283 unaligned transfer
[    2.700676] sr 0:0:0:1: [sr0] tag#284 unaligned transfer
[    2.700881] sr 0:0:0:1: [sr0] tag#285 unaligned transfer
[    2.701100] sr 0:0:0:1: [sr0] tag#286 unaligned transfer
[    2.701287] sr 0:0:0:1: [sr0] tag#287 unaligned transfer
[    2.701479] sr 0:0:0:1: [sr0] tag#288 unaligned transfer
[    2.701696] sr 0:0:0:1: [sr0] tag#289 unaligned transfer
[    2.701849] sr 0:0:0:1: [sr0] tag#290 unaligned transfer
[    2.702019] sr 0:0:0:1: [sr0] tag#291 unaligned transfer
[    2.702135] sr 0:0:0:1: [sr0] tag#292 unaligned transfer
[    2.702248] sr 0:0:0:1: [sr0] tag#293 unaligned transfer
[    2.702366] sr 0:0:0:1: [sr0] tag#294 unaligned transfer
[    2.702532] sr 0:0:0:1: [sr0] tag#295 unaligned transfer
[    2.702660] sr 0:0:0:1: [sr0] tag#296 unaligned transfer
[    2.702773] sr 0:0:0:1: [sr0] tag#297 unaligned transfer
[    2.702885] sr 0:0:0:1: [sr0] tag#298 unaligned transfer
[    2.703048] sr 0:0:0:1: [sr0] tag#299 unaligned transfer
[    2.703162] sr 0:0:0:1: [sr0] tag#300 unaligned transfer
[    2.703274] sr 0:0:0:1: [sr0] tag#301 unaligned transfer
[    2.703392] sr 0:0:0:1: [sr0] tag#302 unaligned transfer
[    2.703510] sr 0:0:0:1: [sr0] tag#303 unaligned transfer
[    2.703638] sr 0:0:0:1: [sr0] tag#304 unaligned transfer
[    2.703754] sr 0:0:0:1: [sr0] tag#305 unaligned transfer
[    2.703869] sr 0:0:0:1: [sr0] tag#306 unaligned transfer
[    2.704020] sr 0:0:0:1: [sr0] tag#307 unaligned transfer
[    2.704136] sr 0:0:0:1: [sr0] tag#308 unaligned transfer
[    2.704304] sr 0:0:0:1: [sr0] tag#309 unaligned transfer
[    2.704476] sr 0:0:0:1: [sr0] tag#310 unaligned transfer
[    2.704589] sr 0:0:0:1: [sr0] tag#311 unaligned transfer
[    2.704704] sr 0:0:0:1: [sr0] tag#312 unaligned transfer
[    2.704847] sr 0:0:0:1: [sr0] tag#313 unaligned transfer
[    2.705028] sr 0:0:0:1: [sr0] tag#314 unaligned transfer
[    2.705170] sr 0:0:0:1: [sr0] tag#315 unaligned transfer
[    2.705291] sr 0:0:0:1: [sr0] tag#256 unaligned transfer
[    2.705434] sr 0:0:0:1: [sr0] tag#257 unaligned transfer
[    2.705574] sr 0:0:0:1: [sr0] tag#258 unaligned transfer
[    2.705688] sr 0:0:0:1: [sr0] tag#259 unaligned transfer
[    2.705799] sr 0:0:0:1: [sr0] tag#260 unaligned transfer
[    2.705911] sr 0:0:0:1: [sr0] tag#261 unaligned transfer
[    2.706048] sr 0:0:0:1: [sr0] tag#262 unaligned transfer
[    2.706178] sr 0:0:0:1: [sr0] tag#263 unaligned transfer
[    2.706293] sr 0:0:0:1: [sr0] tag#264 unaligned transfer
[    2.706418] sr 0:0:0:1: [sr0] tag#265 unaligned transfer
[    2.706531] sr 0:0:0:1: [sr0] tag#266 unaligned transfer
[    2.706645] sr 0:0:0:1: [sr0] tag#267 unaligned transfer
[    2.706757] sr 0:0:0:1: [sr0] tag#268 unaligned transfer
[    2.706871] sr 0:0:0:1: [sr0] tag#269 unaligned transfer
[    2.707031] sr 0:0:0:1: [sr0] tag#270 unaligned transfer
[    2.707171] sr 0:0:0:1: [sr0] tag#271 unaligned transfer
[    2.707290] sr 0:0:0:1: [sr0] tag#272 unaligned transfer
[    2.707427] sr 0:0:0:1: [sr0] tag#273 unaligned transfer
[    2.707541] sr 0:0:0:1: [sr0] tag#274 unaligned transfer
[    2.707652] sr 0:0:0:1: [sr0] tag#275 unaligned transfer
[    2.707763] sr 0:0:0:1: [sr0] tag#276 unaligned transfer
[    2.707878] sr 0:0:0:1: [sr0] tag#277 unaligned transfer
[    2.708024] sr 0:0:0:1: [sr0] tag#278 unaligned transfer
[    2.708177] sr 0:0:0:1: [sr0] tag#279 unaligned transfer
[    2.708362] sr 0:0:0:1: [sr0] tag#280 unaligned transfer
[    2.708666] sr 0:0:0:1: [sr0] tag#281 unaligned transfer
[    2.708864] sr 0:0:0:1: [sr0] tag#282 unaligned transfer
[    2.709158] sr 0:0:0:1: [sr0] tag#283 unaligned transfer
[    2.709425] sr 0:0:0:1: [sr0] tag#284 unaligned transfer
[    2.709680] sr 0:0:0:1: [sr0] tag#285 unaligned transfer
[    2.709948] sr 0:0:0:1: [sr0] tag#286 unaligned transfer
[    2.710321] sr 0:0:0:1: [sr0] tag#287 unaligned transfer
[    2.710587] sr 0:0:0:1: [sr0] tag#288 unaligned transfer
[    2.710799] sr 0:0:0:1: [sr0] tag#289 unaligned transfer
[    2.711010] sr 0:0:0:1: [sr0] tag#290 unaligned transfer
[    2.711209] sr 0:0:0:1: [sr0] tag#291 unaligned transfer
[    2.711450] sr 0:0:0:1: [sr0] tag#292 unaligned transfer
[    2.711669] sr 0:0:0:1: [sr0] tag#293 unaligned transfer
[    2.711849] sr 0:0:0:1: [sr0] tag#294 unaligned transfer
[    2.712057] sr 0:0:0:1: [sr0] tag#295 unaligned transfer
[    2.712243] sr 0:0:0:1: [sr0] tag#296 unaligned transfer
[    2.712595] sr 0:0:0:1: [sr0] tag#297 unaligned transfer
[    2.712759] sr 0:0:0:1: [sr0] tag#298 unaligned transfer
[    2.712924] sr 0:0:0:1: [sr0] tag#299 unaligned transfer
[    2.713095] sr 0:0:0:1: [sr0] tag#300 unaligned transfer
[    2.713273] sr 0:0:0:1: [sr0] tag#301 unaligned transfer
[    2.713505] sr 0:0:0:1: [sr0] tag#302 unaligned transfer
[    2.713689] sr 0:0:0:1: [sr0] tag#303 unaligned transfer
[    2.713833] sr 0:0:0:1: [sr0] tag#304 unaligned transfer
[    2.713947] sr 0:0:0:1: [sr0] tag#305 unaligned transfer
[    2.714088] sr 0:0:0:1: [sr0] tag#306 unaligned transfer
[    2.714202] sr 0:0:0:1: [sr0] tag#307 unaligned transfer
[    2.714313] sr 0:0:0:1: [sr0] tag#308 unaligned transfer
[    2.714457] sr 0:0:0:1: [sr0] tag#309 unaligned transfer
[    2.714572] sr 0:0:0:1: [sr0] tag#310 unaligned transfer
[    2.714738] sr 0:0:0:1: [sr0] tag#311 unaligned transfer
[    2.714856] sr 0:0:0:1: [sr0] tag#312 unaligned transfer
[    2.714970] sr 0:0:0:1: [sr0] tag#313 unaligned transfer
[    2.715083] sr 0:0:0:1: [sr0] tag#314 unaligned transfer
[    2.715199] sr 0:0:0:1: [sr0] tag#315 unaligned transfer
[    2.715323] sr 0:0:0:1: [sr0] tag#256 unaligned transfer
[    2.715499] sr 0:0:0:1: [sr0] tag#257 unaligned transfer
[    2.715645] sr 0:0:0:1: [sr0] tag#258 unaligned transfer
[    2.715777] sr 0:0:0:1: [sr0] tag#259 unaligned transfer
[    2.715890] sr 0:0:0:1: [sr0] tag#260 unaligned transfer
[    2.716002] sr 0:0:0:1: [sr0] tag#261 unaligned transfer
[    2.716117] sr 0:0:0:1: [sr0] tag#262 unaligned transfer
[    2.716250] sr 0:0:0:1: [sr0] tag#263 unaligned transfer
[    2.716412] sr 0:0:0:1: [sr0] tag#264 unaligned transfer
[    2.716527] sr 0:0:0:1: [sr0] tag#265 unaligned transfer
[    2.716639] sr 0:0:0:1: [sr0] tag#266 unaligned transfer
[    2.716778] sr 0:0:0:1: [sr0] tag#267 unaligned transfer
[    2.716894] sr 0:0:0:1: [sr0] tag#268 unaligned transfer
[    2.717012] sr 0:0:0:1: [sr0] tag#269 unaligned transfer
[    2.717149] sr 0:0:0:1: [sr0] tag#270 unaligned transfer
[    2.717262] sr 0:0:0:1: [sr0] tag#271 unaligned transfer
[    2.717401] sr 0:0:0:1: [sr0] tag#272 unaligned transfer
[    2.717533] sr 0:0:0:1: [sr0] tag#273 unaligned transfer
[    2.717674] sr 0:0:0:1: [sr0] tag#274 unaligned transfer
[    2.717951] hv_storvsc 7c32ee81-acca-4334-b3c7-1e2af69cf681: tag#275 cmd 0x28 status: scsi 0x2 srb 0x84 hv 0xc0000001
[    2.718143] sr 0:0:0:1: [sr0] tag#275 FAILED Result: hostbyte=DID_OK driverbyte=DRIVER_OK cmd_age=0s
[    2.718326] sr 0:0:0:1: [sr0] tag#275 Sense Key : Not Ready [current] 
[    2.718535] sr 0:0:0:1: [sr0] tag#275 Add. Sense: Medium not present - tray closed
[    2.718798] sr 0:0:0:1: [sr0] tag#275 CDB: Read(10) 28 00 00 00 00 04 00 00 02 00
[    2.719095] sr 0:0:0:1: [sr0] tag#276 unaligned transfer
[    2.719409] sr 0:0:0:1: [sr0] tag#277 unaligned transfer
[    2.719790] sr 0:0:0:1: [sr0] tag#278 unaligned transfer
[    2.720019] sr 0:0:0:1: [sr0] tag#279 unaligned transfer
[    2.720262] sr 0:0:0:1: [sr0] tag#280 unaligned transfer
[    2.720515] sr 0:0:0:1: [sr0] tag#281 unaligned transfer
[    2.720785] sr 0:0:0:1: [sr0] tag#282 unaligned transfer
[    2.721039] sr 0:0:0:1: [sr0] tag#283 unaligned transfer
[    2.721386] hv_storvsc 7c32ee81-acca-4334-b3c7-1e2af69cf681: tag#284 cmd 0x28 status: scsi 0x2 srb 0x84 hv 0xc0000001
[    2.721713] sr 0:0:0:1: [sr0] tag#284 FAILED Result: hostbyte=DID_OK driverbyte=DRIVER_OK cmd_age=0s
[    2.722004] sr 0:0:0:1: [sr0] tag#284 Sense Key : Not Ready [current] 
[    2.722303] sr 0:0:0:1: [sr0] tag#284 Add. Sense: Medium not present - tray closed
[    2.722638] sr 0:0:0:1: [sr0] tag#284 CDB: Read(10) 28 00 00 00 00 20 00 00 02 00
[    2.723026] sr 0:0:0:1: [sr0] tag#285 unaligned transfer
[    2.723369] sr 0:0:0:1: [sr0] tag#286 unaligned transfer
[    2.723732] sr 0:0:0:1: [sr0] tag#287 unaligned transfer
[    2.724187] sr 0:0:0:1: [sr0] tag#288 unaligned transfer
[    2.724533] sr 0:0:0:1: [sr0] tag#289 unaligned transfer
[    2.724881] sr 0:0:0:1: [sr0] tag#290 unaligned transfer
[    2.725842] sr 0:0:0:1: [sr0] tag#291 unaligned transfer
[    2.726700] sr 0:0:0:1: [sr0] tag#292 unaligned transfer
[    2.727662] sr 0:0:0:1: [sr0] tag#293 unaligned transfer
[    2.728157] sr 0:0:0:1: [sr0] tag#294 unaligned transfer
[    2.728737] sr 0:0:0:1: [sr0] tag#295 unaligned transfer
[    2.729382] sr 0:0:0:1: [sr0] tag#296 unaligned transfer
[    2.729958] sr 0:0:0:1: [sr0] tag#297 unaligned transfer
[    2.730547] sr 0:0:0:1: [sr0] tag#298 unaligned transfer
[    2.731162] sr 0:0:0:1: [sr0] tag#299 unaligned transfer
[    2.731756] sr 0:0:0:1: [sr0] tag#300 unaligned transfer
[    2.732352] sr 0:0:0:1: [sr0] tag#301 unaligned transfer
[    2.732906] sr 0:0:0:1: [sr0] tag#302 unaligned transfer
[    2.733533] sr 0:0:0:1: [sr0] tag#303 unaligned transfer
[    2.734094] sr 0:0:0:1: [sr0] tag#304 unaligned transfer
[    2.734670] sr 0:0:0:1: [sr0] tag#305 unaligned transfer
[    2.735249] sr 0:0:0:1: [sr0] tag#306 unaligned transfer
[    2.735807] sr 0:0:0:1: [sr0] tag#307 unaligned transfer
[    2.736386] sr 0:0:0:1: [sr0] tag#308 unaligned transfer
[    2.736953] sr 0:0:0:1: [sr0] tag#309 unaligned transfer
[    2.737551] sr 0:0:0:1: [sr0] tag#310 unaligned transfer
[    2.738096] sr 0:0:0:1: [sr0] tag#311 unaligned transfer
[    2.738720] sr 0:0:0:1: [sr0] tag#312 unaligned transfer
[    2.739304] sr 0:0:0:1: [sr0] tag#313 unaligned transfer
[    2.739857] sr 0:0:0:1: [sr0] tag#314 unaligned transfer
[    2.740432] sr 0:0:0:1: [sr0] tag#315 unaligned transfer
[    2.740922] sr 0:0:0:1: [sr0] tag#256 unaligned transfer
[    2.741375] sr 0:0:0:1: [sr0] tag#257 unaligned transfer
[    2.742233] sr 0:0:0:1: [sr0] tag#258 unaligned transfer
[    2.742740] sr 0:0:0:1: [sr0] tag#259 unaligned transfer
[    2.743101] sr 0:0:0:1: [sr0] tag#260 unaligned transfer
[    2.743395] sr 0:0:0:1: [sr0] tag#261 unaligned transfer
[    2.743639] sr 0:0:0:1: [sr0] tag#262 unaligned transfer
[    2.744179] sr 0:0:0:1: [sr0] tag#263 unaligned transfer
[    2.744550] sr 0:0:0:1: [sr0] tag#264 unaligned transfer
[    2.745093] hv_storvsc 7c32ee81-acca-4334-b3c7-1e2af69cf681: tag#265 cmd 0x28 status: scsi 0x2 srb 0x84 hv 0xc0000001
[    2.745398] sr 0:0:0:1: [sr0] tag#265 FAILED Result: hostbyte=DID_OK driverbyte=DRIVER_OK cmd_age=0s
[    2.745740] sr 0:0:0:1: [sr0] tag#265 Sense Key : Not Ready [current] 
[    2.746019] sr 0:0:0:1: [sr0] tag#265 Add. Sense: Medium not present - tray closed
[    2.746279] sr 0:0:0:1: [sr0] tag#265 CDB: Read(10) 28 00 00 00 00 10 00 00 02 00
[    2.746612] sr 0:0:0:1: [sr0] tag#266 unaligned transfer
[    2.747058] sr 0:0:0:1: [sr0] tag#267 unaligned transfer
[    2.747519] sr 0:0:0:1: [sr0] tag#268 unaligned transfer
[    2.747908] sr 0:0:0:1: [sr0] tag#269 unaligned transfer
[    2.748331] sr 0:0:0:1: [sr0] tag#270 unaligned transfer
[    2.748712] sr 0:0:0:1: [sr0] tag#271 unaligned transfer
[    2.749119] sr 0:0:0:1: [sr0] tag#272 unaligned transfer
[    2.749583] sr 0:0:0:1: [sr0] tag#273 unaligned transfer
[    2.750001] sr 0:0:0:1: [sr0] tag#274 unaligned transfer
[    2.750424] sr 0:0:0:1: [sr0] tag#275 unaligned transfer
[    2.750802] sr 0:0:0:1: [sr0] tag#276 unaligned transfer
[    2.751176] sr 0:0:0:1: [sr0] tag#277 unaligned transfer
[    2.751626] sr 0:0:0:1: [sr0] tag#278 unaligned transfer
[    2.752005] sr 0:0:0:1: [sr0] tag#279 unaligned transfer
[    2.752424] sr 0:0:0:1: [sr0] tag#280 unaligned transfer
[    2.752798] sr 0:0:0:1: [sr0] tag#281 unaligned transfer
[    2.753198] sr 0:0:0:1: [sr0] tag#282 unaligned transfer
[    2.753636] sr 0:0:0:1: [sr0] tag#283 unaligned transfer
[    2.754020] sr 0:0:0:1: [sr0] tag#284 unaligned transfer
[    2.754424] sr 0:0:0:1: [sr0] tag#285 unaligned transfer
[    2.754810] sr 0:0:0:1: [sr0] tag#286 unaligned transfer
[    2.755227] sr 0:0:0:1: [sr0] tag#287 unaligned transfer
[    2.755630] sr 0:0:0:1: [sr0] tag#288 unaligned transfer
[    2.756001] sr 0:0:0:1: [sr0] tag#289 unaligned transfer
[    2.756431] sr 0:0:0:1: [sr0] tag#290 unaligned transfer
[    2.756813] sr 0:0:0:1: [sr0] tag#291 unaligned transfer
[    2.757193] sr 0:0:0:1: [sr0] tag#292 unaligned transfer
[    2.757657] sr 0:0:0:1: [sr0] tag#293 unaligned transfer
[    2.758037] sr 0:0:0:1: [sr0] tag#294 unaligned transfer
[    2.758588] sr 0:0:0:1: [sr0] tag#295 unaligned transfer
[    2.759303] sr 0:0:0:1: [sr0] tag#296 unaligned transfer
[    2.759974] sr 0:0:0:1: [sr0] tag#297 unaligned transfer
[    2.760603] sr 0:0:0:1: [sr0] tag#298 unaligned transfer
[    2.760886] sr 0:0:0:1: [sr0] tag#299 unaligned transfer
[    2.761161] sr 0:0:0:1: [sr0] tag#300 unaligned transfer
[    2.761440] sr 0:0:0:1: [sr0] tag#301 unaligned transfer
[    2.761775] sr 0:0:0:1: [sr0] tag#302 unaligned transfer
[    2.762195] sr 0:0:0:1: [sr0] tag#303 unaligned transfer
[    2.762510] sr 0:0:0:1: [sr0] tag#304 unaligned transfer
[    2.762812] sr 0:0:0:1: [sr0] tag#305 unaligned transfer
[    2.763055] sr 0:0:0:1: [sr0] tag#306 unaligned transfer
[    2.763378] sr 0:0:0:1: [sr0] tag#307 unaligned transfer
[    2.763734] sr 0:0:0:1: [sr0] tag#308 unaligned transfer
[    2.764045] sr 0:0:0:1: [sr0] tag#309 unaligned transfer
[    2.764354] sr 0:0:0:1: [sr0] tag#310 unaligned transfer
[    2.764597] sr 0:0:0:1: [sr0] tag#311 unaligned transfer
[    2.764821] sr 0:0:0:1: [sr0] tag#312 unaligned transfer
[    2.765025] sr 0:0:0:1: [sr0] tag#313 unaligned transfer
[    2.765261] sr 0:0:0:1: [sr0] tag#314 unaligned transfer
[    2.765448] sr 0:0:0:1: [sr0] tag#315 unaligned transfer
[    2.765654] sr 0:0:0:1: [sr0] tag#256 unaligned transfer
[    2.765845] sr 0:0:0:1: [sr0] tag#257 unaligned transfer
[    2.766028] sr 0:0:0:1: [sr0] tag#258 unaligned transfer
[    2.766242] sr 0:0:0:1: [sr0] tag#259 unaligned transfer
[    2.766423] sr 0:0:0:1: [sr0] tag#260 unaligned transfer
[    2.766608] sr 0:0:0:1: [sr0] tag#261 unaligned transfer
[    2.766837] sr 0:0:0:1: [sr0] tag#262 unaligned transfer
[    2.767023] sr 0:0:0:1: [sr0] tag#263 unaligned transfer
[    2.767239] sr 0:0:0:1: [sr0] tag#264 unaligned transfer
[    2.767422] sr 0:0:0:1: [sr0] tag#265 unaligned transfer
[    2.767603] sr 0:0:0:1: [sr0] tag#266 unaligned transfer
[    2.767785] sr 0:0:0:1: [sr0] tag#267 unaligned transfer
[    2.767970] sr 0:0:0:1: [sr0] tag#268 unaligned transfer
[    2.768171] sr 0:0:0:1: [sr0] tag#269 unaligned transfer
[    2.768425] sr 0:0:0:1: [sr0] tag#270 unaligned transfer
[    2.768611] sr 0:0:0:1: [sr0] tag#271 unaligned transfer
[    2.768798] sr 0:0:0:1: [sr0] tag#272 unaligned transfer
[    2.769039] sr 0:0:0:1: [sr0] tag#273 unaligned transfer
[    2.769254] sr 0:0:0:1: [sr0] tag#274 unaligned transfer
[    2.769443] sr 0:0:0:1: [sr0] tag#275 unaligned transfer
[    2.769649] sr 0:0:0:1: [sr0] tag#276 unaligned transfer
[    2.769876] sr 0:0:0:1: [sr0] tag#277 unaligned transfer
[    2.770089] sr 0:0:0:1: [sr0] tag#278 unaligned transfer
[    2.770301] sr 0:0:0:1: [sr0] tag#279 unaligned transfer
[    2.770489] sr 0:0:0:1: [sr0] tag#280 unaligned transfer
[    2.770675] sr 0:0:0:1: [sr0] tag#281 unaligned transfer
[    2.770867] sr 0:0:0:1: [sr0] tag#282 unaligned transfer
[    2.771068] sr 0:0:0:1: [sr0] tag#283 unaligned transfer
[    2.771296] sr 0:0:0:1: [sr0] tag#284 unaligned transfer
[    2.771486] sr 0:0:0:1: [sr0] tag#285 unaligned transfer
[    2.771701] sr 0:0:0:1: [sr0] tag#286 unaligned transfer
[    2.771895] sr 0:0:0:1: [sr0] tag#287 unaligned transfer
[    2.772082] sr 0:0:0:1: [sr0] tag#288 unaligned transfer
[    2.772302] sr 0:0:0:1: [sr0] tag#289 unaligned transfer
[    2.772489] sr 0:0:0:1: [sr0] tag#290 unaligned transfer
[    2.772677] sr 0:0:0:1: [sr0] tag#291 unaligned transfer
[    2.772866] sr 0:0:0:1: [sr0] tag#292 unaligned transfer
[    2.773052] sr 0:0:0:1: [sr0] tag#293 unaligned transfer
[    2.773306] sr 0:0:0:1: [sr0] tag#294 unaligned transfer
[    2.773511] sr 0:0:0:1: [sr0] tag#295 unaligned transfer
[    2.773721] sr 0:0:0:1: [sr0] tag#296 unaligned transfer
[    2.773908] sr 0:0:0:1: [sr0] tag#297 unaligned transfer
[    2.774092] sr 0:0:0:1: [sr0] tag#298 unaligned transfer
[    2.774308] sr 0:0:0:1: [sr0] tag#299 unaligned transfer
[    2.774494] sr 0:0:0:1: [sr0] tag#300 unaligned transfer
[    2.774682] sr 0:0:0:1: [sr0] tag#301 unaligned transfer
[    2.774891] sr 0:0:0:1: [sr0] tag#302 unaligned transfer
[    2.775323] sr 0:0:0:1: [sr0] tag#303 unaligned transfer
[    2.775548] sr 0:0:0:1: [sr0] tag#304 unaligned transfer
[    2.776265] sr 0:0:0:1: [sr0] tag#305 unaligned transfer
[    2.776529] sr 0:0:0:1: [sr0] tag#306 unaligned transfer
[    2.776722] sr 0:0:0:1: [sr0] tag#307 unaligned transfer
[    2.777073] sr 0:0:0:1: [sr0] tag#308 unaligned transfer
[    2.777424] sr 0:0:0:1: [sr0] tag#309 unaligned transfer
[    2.777751] sr 0:0:0:1: [sr0] tag#310 unaligned transfer
[    2.777971] sr 0:0:0:1: [sr0] tag#311 unaligned transfer
[    2.778092] sr 0:0:0:1: [sr0] tag#312 unaligned transfer
[    2.778269] sr 0:0:0:1: [sr0] tag#313 unaligned transfer
[    2.778392] sr 0:0:0:1: [sr0] tag#314 unaligned transfer
[    2.778508] sr 0:0:0:1: [sr0] tag#315 unaligned transfer
[    2.778625] sr 0:0:0:1: [sr0] tag#256 unaligned transfer
[    2.778742] sr 0:0:0:1: [sr0] tag#257 unaligned transfer
[    2.778918] sr 0:0:0:1: [sr0] tag#258 unaligned transfer
[    2.779040] sr 0:0:0:1: [sr0] tag#259 unaligned transfer
[    2.779158] sr 0:0:0:1: [sr0] tag#260 unaligned transfer
[    2.779279] sr 0:0:0:1: [sr0] tag#261 unaligned transfer
[    2.779398] sr 0:0:0:1: [sr0] tag#262 unaligned transfer
[    2.779521] sr 0:0:0:1: [sr0] tag#263 unaligned transfer
[    2.779651] sr 0:0:0:1: [sr0] tag#264 unaligned transfer
[    2.779778] sr 0:0:0:1: [sr0] tag#265 unaligned transfer
[    2.779949] sr 0:0:0:1: [sr0] tag#266 unaligned transfer
[    2.780070] sr 0:0:0:1: [sr0] tag#267 unaligned transfer
[    2.780186] sr 0:0:0:1: [sr0] tag#268 unaligned transfer
[    2.780302] sr 0:0:0:1: [sr0] tag#269 unaligned transfer
[    2.780465] sr 0:0:0:1: [sr0] tag#270 unaligned transfer
[    2.780588] sr 0:0:0:1: [sr0] tag#271 unaligned transfer
[    2.780706] sr 0:0:0:1: [sr0] tag#272 unaligned transfer
[    2.780828] sr 0:0:0:1: [sr0] tag#273 unaligned transfer
[    2.780963] sr 0:0:0:1: [sr0] tag#274 unaligned transfer
[    2.781089] sr 0:0:0:1: [sr0] tag#275 unaligned transfer
[    2.781214] sr 0:0:0:1: [sr0] tag#276 unaligned transfer
[    2.781336] sr 0:0:0:1: [sr0] tag#277 unaligned transfer
[    2.781501] sr 0:0:0:1: [sr0] tag#278 unaligned transfer
[    2.781644] sr 0:0:0:1: [sr0] tag#279 unaligned transfer
[    2.781763] sr 0:0:0:1: [sr0] tag#280 unaligned transfer
[    2.781883] sr 0:0:0:1: [sr0] tag#281 unaligned transfer
[    2.782170] hv_storvsc 7c32ee81-acca-4334-b3c7-1e2af69cf681: tag#282 cmd 0x28 status: scsi 0x2 srb 0x84 hv 0xc0000001
[    2.782371] sr 0:0:0:1: [sr0] tag#282 FAILED Result: hostbyte=DID_OK driverbyte=DRIVER_OK cmd_age=0s
[    2.782565] sr 0:0:0:1: [sr0] tag#282 Sense Key : Not Ready [current] 
[    2.782764] sr 0:0:0:1: [sr0] tag#282 Add. Sense: Medium not present - tray closed
[    2.782988] sr 0:0:0:1: [sr0] tag#282 CDB: Read(10) 28 00 00 00 00 06 00 00 02 00
[    2.783371] sr 0:0:0:1: [sr0] tag#283 unaligned transfer
[    2.783759] sr 0:0:0:1: [sr0] tag#284 unaligned transfer
[    2.784083] sr 0:0:0:1: [sr0] tag#285 unaligned transfer
[    2.784439] sr 0:0:0:1: [sr0] tag#286 unaligned transfer
[    2.784709] sr 0:0:0:1: [sr0] tag#287 unaligned transfer
[    2.784942] sr 0:0:0:1: [sr0] tag#288 unaligned transfer
[    2.785173] sr 0:0:0:1: [sr0] tag#289 unaligned transfer
[    2.785457] sr 0:0:0:1: [sr0] tag#290 unaligned transfer
[    2.785810] sr 0:0:0:1: [sr0] tag#291 unaligned transfer
[    2.786051] sr 0:0:0:1: [sr0] tag#292 unaligned transfer
[    2.786309] sr 0:0:0:1: [sr0] tag#293 unaligned transfer
[    2.786592] sr 0:0:0:1: [sr0] tag#294 unaligned transfer
[    2.786826] sr 0:0:0:1: [sr0] tag#295 unaligned transfer
[    2.787055] sr 0:0:0:1: [sr0] tag#296 unaligned transfer
[    2.787287] sr 0:0:0:1: [sr0] tag#297 unaligned transfer
[    2.787580] sr 0:0:0:1: [sr0] tag#298 unaligned transfer
[    2.787829] sr 0:0:0:1: [sr0] tag#299 unaligned transfer
[    2.788064] sr 0:0:0:1: [sr0] tag#300 unaligned transfer
[    2.788317] sr 0:0:0:1: [sr0] tag#301 unaligned transfer
[    2.788623] sr 0:0:0:1: [sr0] tag#302 unaligned transfer
[    2.788857] sr 0:0:0:1: [sr0] tag#303 unaligned transfer
[    2.789095] sr 0:0:0:1: [sr0] tag#304 unaligned transfer
[    2.789342] sr 0:0:0:1: [sr0] tag#305 unaligned transfer
[    2.789625] sr 0:0:0:1: [sr0] tag#306 unaligned transfer
[    2.789876] sr 0:0:0:1: [sr0] tag#307 unaligned transfer
[    2.790120] sr 0:0:0:1: [sr0] tag#308 unaligned transfer
[    2.790351] sr 0:0:0:1: [sr0] tag#309 unaligned transfer
[    2.790791] sr 0:0:0:1: [sr0] tag#310 unaligned transfer
[    2.791204] sr 0:0:0:1: [sr0] tag#311 unaligned transfer
[    2.791606] sr 0:0:0:1: [sr0] tag#312 unaligned transfer
[    2.792481] sr 0:0:0:1: [sr0] tag#313 unaligned transfer
[    2.793208] sr 0:0:0:1: [sr0] tag#314 unaligned transfer
[    2.794007] hv_storvsc 7c32ee81-acca-4334-b3c7-1e2af69cf681: tag#315 cmd 0x28 status: scsi 0x2 srb 0x84 hv 0xc0000001
[    2.794497] sr 0:0:0:1: [sr0] tag#315 FAILED Result: hostbyte=DID_OK driverbyte=DRIVER_OK cmd_age=0s
[    2.795011] sr 0:0:0:1: [sr0] tag#315 Sense Key : Not Ready [current] 
[    2.795519] sr 0:0:0:1: [sr0] tag#315 Add. Sense: Medium not present - tray closed
[    2.796104] sr 0:0:0:1: [sr0] tag#315 CDB: Read(10) 28 00 00 00 00 0e 00 00 02 00
[    2.796726] sr 0:0:0:1: [sr0] tag#256 unaligned transfer
[    2.797111] sr 0:0:0:1: [sr0] tag#257 unaligned transfer
[    2.797472] sr 0:0:0:1: [sr0] tag#258 unaligned transfer
[    2.798082] sr 0:0:0:1: [sr0] tag#259 unaligned transfer
[    2.798445] sr 0:0:0:1: [sr0] tag#260 unaligned transfer
[    2.798892] sr 0:0:0:1: [sr0] tag#261 unaligned transfer
[    2.799248] sr 0:0:0:1: [sr0] tag#262 unaligned transfer
[    2.799556] sr 0:0:0:1: [sr0] tag#263 unaligned transfer
[    2.799851] sr 0:0:0:1: [sr0] tag#264 unaligned transfer
[    2.800138] sr 0:0:0:1: [sr0] tag#265 unaligned transfer
[    2.800387] sr 0:0:0:1: [sr0] tag#266 unaligned transfer
[    2.800657] sr 0:0:0:1: [sr0] tag#267 unaligned transfer
[    2.800893] sr 0:0:0:1: [sr0] tag#268 unaligned transfer
[    2.801128] sr 0:0:0:1: [sr0] tag#269 unaligned transfer
[    2.801364] sr 0:0:0:1: [sr0] tag#270 unaligned transfer
[    2.801637] sr 0:0:0:1: [sr0] tag#271 unaligned transfer
[    2.801897] sr 0:0:0:1: [sr0] tag#272 unaligned transfer
[    2.802132] sr 0:0:0:1: [sr0] tag#273 unaligned transfer
[    2.802429] sr 0:0:0:1: [sr0] tag#274 unaligned transfer
[    2.802825] sr 0:0:0:1: [sr0] tag#275 unaligned transfer
[    2.803154] sr 0:0:0:1: [sr0] tag#276 unaligned transfer
[    2.803503] sr 0:0:0:1: [sr0] tag#277 unaligned transfer
[    2.803791] sr 0:0:0:1: [sr0] tag#278 unaligned transfer
[    2.804040] sr 0:0:0:1: [sr0] tag#279 unaligned transfer
[    2.804312] sr 0:0:0:1: [sr0] tag#280 unaligned transfer
[    2.804608] sr 0:0:0:1: [sr0] tag#281 unaligned transfer
[    2.805087] sr 0:0:0:1: [sr0] tag#282 unaligned transfer
[    2.805384] sr 0:0:0:1: [sr0] tag#283 unaligned transfer
[    2.805690] sr 0:0:0:1: [sr0] tag#284 unaligned transfer
[    2.805983] sr 0:0:0:1: [sr0] tag#285 unaligned transfer
[    2.806261] sr 0:0:0:1: [sr0] tag#286 unaligned transfer
[    2.806500] sr 0:0:0:1: [sr0] tag#287 unaligned transfer
[    2.806905] sr 0:0:0:1: [sr0] tag#288 unaligned transfer
[    2.807143] sr 0:0:0:1: [sr0] tag#289 unaligned transfer
[    2.807379] sr 0:0:0:1: [sr0] tag#290 unaligned transfer
[    2.807668] sr 0:0:0:1: [sr0] tag#291 unaligned transfer
[    2.807906] sr 0:0:0:1: [sr0] tag#292 unaligned transfer
[    2.808149] sr 0:0:0:1: [sr0] tag#293 unaligned transfer
[    2.808494] sr 0:0:0:1: [sr0] tag#294 unaligned transfer
[    2.809032] sr 0:0:0:1: [sr0] tag#295 unaligned transfer
[    2.809715] sr 0:0:0:1: [sr0] tag#296 unaligned transfer
[    2.810287] sr 0:0:0:1: [sr0] tag#297 unaligned transfer
[    2.810735] sr 0:0:0:1: [sr0] tag#298 unaligned transfer
[    2.811087] sr 0:0:0:1: [sr0] tag#299 unaligned transfer
[    2.811479] sr 0:0:0:1: [sr0] tag#300 unaligned transfer
[    2.811830] sr 0:0:0:1: [sr0] tag#301 unaligned transfer
[    2.812154] sr 0:0:0:1: [sr0] tag#302 unaligned transfer
[    2.812382] sr 0:0:0:1: [sr0] tag#303 unaligned transfer
[    2.812585] sr 0:0:0:1: [sr0] tag#304 unaligned transfer
[    2.812834] sr 0:0:0:1: [sr0] tag#305 unaligned transfer
[    2.813118] sr 0:0:0:1: [sr0] tag#306 unaligned transfer
[    2.813324] sr 0:0:0:1: [sr0] tag#307 unaligned transfer
[    2.813539] sr 0:0:0:1: [sr0] tag#308 unaligned transfer
[    2.813717] sr 0:0:0:1: [sr0] tag#309 unaligned transfer
[    2.813836] sr 0:0:0:1: [sr0] tag#310 unaligned transfer
[    2.813956] sr 0:0:0:1: [sr0] tag#311 unaligned transfer
[    2.814109] sr 0:0:0:1: [sr0] tag#312 unaligned transfer
[    2.814244] sr 0:0:0:1: [sr0] tag#313 unaligned transfer
[    2.814361] sr 0:0:0:1: [sr0] tag#314 unaligned transfer
[    2.814478] sr 0:0:0:1: [sr0] tag#315 unaligned transfer
[    2.814596] sr 0:0:0:1: [sr0] tag#256 unaligned transfer
[    2.814814] sr 0:0:0:1: [sr0] tag#257 unaligned transfer
[    2.815018] sr 0:0:0:1: [sr0] tag#258 unaligned transfer
[    2.815214] sr 0:0:0:1: [sr0] tag#259 unaligned transfer
[    2.815428] sr 0:0:0:1: [sr0] tag#260 unaligned transfer
[    2.815662] sr 0:0:0:1: [sr0] tag#261 unaligned transfer
[    2.815857] sr 0:0:0:1: [sr0] tag#262 unaligned transfer
[    2.816051] sr 0:0:0:1: [sr0] tag#263 unaligned transfer
[    2.816247] sr 0:0:0:1: [sr0] tag#264 unaligned transfer
[    2.816444] sr 0:0:0:1: [sr0] tag#265 unaligned transfer
[    2.816686] sr 0:0:0:1: [sr0] tag#266 unaligned transfer
[    2.816883] sr 0:0:0:1: [sr0] tag#267 unaligned transfer
[    2.817098] sr 0:0:0:1: [sr0] tag#268 unaligned transfer
[    2.817295] sr 0:0:0:1: [sr0] tag#269 unaligned transfer
[    2.817553] sr 0:0:0:1: [sr0] tag#270 unaligned transfer
[    2.817770] sr 0:0:0:1: [sr0] tag#271 unaligned transfer
[    2.817967] sr 0:0:0:1: [sr0] tag#272 unaligned transfer
[    2.818161] sr 0:0:0:1: [sr0] tag#273 unaligned transfer
[    2.818385] sr 0:0:0:1: [sr0] tag#274 unaligned transfer
[    2.818579] sr 0:0:0:1: [sr0] tag#275 unaligned transfer
[    2.818840] sr 0:0:0:1: [sr0] tag#276 unaligned transfer
[    2.819039] sr 0:0:0:1: [sr0] tag#277 unaligned transfer
[    2.819239] sr 0:0:0:1: [sr0] tag#278 unaligned transfer
[    2.819435] sr 0:0:0:1: [sr0] tag#279 unaligned transfer
[    2.819632] sr 0:0:0:1: [sr0] tag#280 unaligned transfer
[    2.819862] sr 0:0:0:1: [sr0] tag#281 unaligned transfer
[    2.820056] sr 0:0:0:1: [sr0] tag#282 unaligned transfer
[    2.820250] sr 0:0:0:1: [sr0] tag#283 unaligned transfer
[    2.820464] sr 0:0:0:1: [sr0] tag#284 unaligned transfer
[    2.820656] sr 0:0:0:1: [sr0] tag#285 unaligned transfer
[    2.820880] sr 0:0:0:1: [sr0] tag#286 unaligned transfer
[    2.821073] sr 0:0:0:1: [sr0] tag#287 unaligned transfer
[    2.821262] sr 0:0:0:1: [sr0] tag#288 unaligned transfer
[    2.821451] sr 0:0:0:1: [sr0] tag#289 unaligned transfer
[    2.821681] sr 0:0:0:1: [sr0] tag#290 unaligned transfer
[    2.821873] sr 0:0:0:1: [sr0] tag#291 unaligned transfer
[    2.822091] sr 0:0:0:1: [sr0] tag#292 unaligned transfer
[    2.822362] sr 0:0:0:1: [sr0] tag#293 unaligned transfer
[    2.822541] sr 0:0:0:1: [sr0] tag#294 unaligned transfer
[    2.822728] sr 0:0:0:1: [sr0] tag#295 unaligned transfer
[    2.822904] sr 0:0:0:1: [sr0] tag#296 unaligned transfer
[    2.823082] sr 0:0:0:1: [sr0] tag#297 unaligned transfer
[    2.823301] sr 0:0:0:1: [sr0] tag#298 unaligned transfer
[    2.823479] sr 0:0:0:1: [sr0] tag#299 unaligned transfer
[    2.823684] sr 0:0:0:1: [sr0] tag#300 unaligned transfer
[    2.823871] sr 0:0:0:1: [sr0] tag#301 unaligned transfer
[    2.824052] sr 0:0:0:1: [sr0] tag#302 unaligned transfer
[    2.824307] sr 0:0:0:1: [sr0] tag#303 unaligned transfer
[    2.824497] sr 0:0:0:1: [sr0] tag#304 unaligned transfer
[    2.824668] sr 0:0:0:1: [sr0] tag#305 unaligned transfer
[    2.824879] sr 0:0:0:1: [sr0] tag#306 unaligned transfer
[    2.825046] sr 0:0:0:1: [sr0] tag#307 unaligned transfer
[    2.825253] sr 0:0:0:1: [sr0] tag#308 unaligned transfer
[    2.825465] sr 0:0:0:1: [sr0] tag#309 unaligned transfer
[    2.825752] sr 0:0:0:1: [sr0] tag#310 unaligned transfer
[    2.826032] sr 0:0:0:1: [sr0] tag#311 unaligned transfer
[    2.826427] sr 0:0:0:1: [sr0] tag#312 unaligned transfer
[    2.826707] sr 0:0:0:1: [sr0] tag#313 unaligned transfer
[    2.826963] sr 0:0:0:1: [sr0] tag#314 unaligned transfer
[    2.827267] sr 0:0:0:1: [sr0] tag#315 unaligned transfer
[    2.827573] sr 0:0:0:1: [sr0] tag#256 unaligned transfer
[    2.827835] sr 0:0:0:1: [sr0] tag#257 unaligned transfer
[    2.828063] sr 0:0:0:1: [sr0] tag#258 unaligned transfer
[    2.828275] sr 0:0:0:1: [sr0] tag#259 unaligned transfer
[    2.828516] sr 0:0:0:1: [sr0] tag#260 unaligned transfer
[    2.828727] sr 0:0:0:1: [sr0] tag#261 unaligned transfer
[    2.828967] sr 0:0:0:1: [sr0] tag#262 unaligned transfer
[    2.829177] sr 0:0:0:1: [sr0] tag#263 unaligned transfer
[    2.829417] sr 0:0:0:1: [sr0] tag#264 unaligned transfer
[    2.829613] sr 0:0:0:1: [sr0] tag#265 unaligned transfer
[    2.829789] sr 0:0:0:1: [sr0] tag#266 unaligned transfer
[    2.829988] sr 0:0:0:1: [sr0] tag#267 unaligned transfer
[    2.830176] sr 0:0:0:1: [sr0] tag#268 unaligned transfer
[    2.830416] sr 0:0:0:1: [sr0] tag#269 unaligned transfer
[    2.830627] sr 0:0:0:1: [sr0] tag#270 unaligned transfer
[    2.830861] sr 0:0:0:1: [sr0] tag#271 unaligned transfer
[    2.831101] sr 0:0:0:1: [sr0] tag#272 unaligned transfer
[    2.831314] sr 0:0:0:1: [sr0] tag#273 unaligned transfer
[    2.831523] sr 0:0:0:1: [sr0] tag#274 unaligned transfer
[    2.831732] sr 0:0:0:1: [sr0] tag#275 unaligned transfer
[    2.831974] sr 0:0:0:1: [sr0] tag#276 unaligned transfer
[    2.832186] sr 0:0:0:1: [sr0] tag#277 unaligned transfer
[    2.832395] sr 0:0:0:1: [sr0] tag#278 unaligned transfer
[    2.832608] sr 0:0:0:1: [sr0] tag#279 unaligned transfer
[    2.832880] sr 0:0:0:1: [sr0] tag#280 unaligned transfer
[    2.833066] sr 0:0:0:1: [sr0] tag#281 unaligned transfer
[    2.833267] sr 0:0:0:1: [sr0] tag#282 unaligned transfer
[    2.833451] sr 0:0:0:1: [sr0] tag#283 unaligned transfer
[    2.833647] sr 0:0:0:1: [sr0] tag#284 unaligned transfer
[    2.833833] sr 0:0:0:1: [sr0] tag#285 unaligned transfer
[    2.834048] sr 0:0:0:1: [sr0] tag#286 unaligned transfer
[    2.834258] sr 0:0:0:1: [sr0] tag#287 unaligned transfer
[    2.834488] sr 0:0:0:1: [sr0] tag#288 unaligned transfer
[    2.834698] sr 0:0:0:1: [sr0] tag#289 unaligned transfer
[    2.834942] sr 0:0:0:1: [sr0] tag#290 unaligned transfer
[    2.835158] sr 0:0:0:1: [sr0] tag#291 unaligned transfer
[    2.835392] sr 0:0:0:1: [sr0] tag#292 unaligned transfer
[    2.835624] sr 0:0:0:1: [sr0] tag#293 unaligned transfer
[    2.835836] sr 0:0:0:1: [sr0] tag#294 unaligned transfer
[    2.836045] sr 0:0:0:1: [sr0] tag#295 unaligned transfer
[    2.836282] sr 0:0:0:1: [sr0] tag#296 unaligned transfer
[    2.836531] sr 0:0:0:1: [sr0] tag#297 unaligned transfer
[    2.836709] sr 0:0:0:1: [sr0] tag#298 unaligned transfer
[    2.836874] sr 0:0:0:1: [sr0] tag#299 unaligned transfer
[    2.837044] sr 0:0:0:1: [sr0] tag#300 unaligned transfer
[    2.837225] sr 0:0:0:1: [sr0] tag#301 unaligned transfer
[    2.837452] sr 0:0:0:1: [sr0] tag#302 unaligned transfer
[    2.837659] sr 0:0:0:1: [sr0] tag#303 unaligned transfer
[    2.837881] sr 0:0:0:1: [sr0] tag#304 unaligned transfer
[    2.838093] sr 0:0:0:1: [sr0] tag#305 unaligned transfer
[    2.838299] sr 0:0:0:1: [sr0] tag#306 unaligned transfer
[    2.838541] sr 0:0:0:1: [sr0] tag#307 unaligned transfer
[    2.838773] sr 0:0:0:1: [sr0] tag#308 unaligned transfer
[    2.838983] sr 0:0:0:1: [sr0] tag#309 unaligned transfer
[    2.839191] sr 0:0:0:1: [sr0] tag#310 unaligned transfer
[    2.839440] sr 0:0:0:1: [sr0] tag#311 unaligned transfer
[    2.839668] sr 0:0:0:1: [sr0] tag#312 unaligned transfer
[    2.839877] sr 0:0:0:1: [sr0] tag#313 unaligned transfer
[    2.840087] sr 0:0:0:1: [sr0] tag#314 unaligned transfer
[    2.840283] sr 0:0:0:1: [sr0] tag#315 unaligned transfer
[    2.840520] sr 0:0:0:1: [sr0] tag#256 unaligned transfer
[    2.840750] sr 0:0:0:1: [sr0] tag#257 unaligned transfer
[    2.840925] sr 0:0:0:1: [sr0] tag#258 unaligned transfer
[    2.841114] sr 0:0:0:1: [sr0] tag#259 unaligned transfer
[    2.841331] sr 0:0:0:1: [sr0] tag#260 unaligned transfer
[    2.841562] sr 0:0:0:1: [sr0] tag#261 unaligned transfer
[    2.841799] sr 0:0:0:1: [sr0] tag#262 unaligned transfer
[    2.842039] sr 0:0:0:1: [sr0] tag#263 unaligned transfer
[    2.842276] sr 0:0:0:1: [sr0] tag#264 unaligned transfer
[    2.842496] sr 0:0:0:1: [sr0] tag#265 unaligned transfer
[    2.842756] sr 0:0:0:1: [sr0] tag#266 unaligned transfer
[    2.843038] sr 0:0:0:1: [sr0] tag#267 unaligned transfer
[    2.843325] sr 0:0:0:1: [sr0] tag#268 unaligned transfer
[    2.843566] sr 0:0:0:1: [sr0] tag#269 unaligned transfer
[    2.843796] sr 0:0:0:1: [sr0] tag#270 unaligned transfer
[    2.844018] sr 0:0:0:1: [sr0] tag#271 unaligned transfer
[    2.844192] sr 0:0:0:1: [sr0] tag#272 unaligned transfer
[    2.844367] sr 0:0:0:1: [sr0] tag#273 unaligned transfer
[    2.844536] sr 0:0:0:1: [sr0] tag#274 unaligned transfer
[    2.844724] sr 0:0:0:1: [sr0] tag#275 unaligned transfer
[    2.844997] sr 0:0:0:1: [sr0] tag#276 unaligned transfer
[    2.845214] sr 0:0:0:1: [sr0] tag#277 unaligned transfer
[    2.845425] sr 0:0:0:1: [sr0] tag#278 unaligned transfer
[    2.845650] sr 0:0:0:1: [sr0] tag#279 unaligned transfer
[    2.845865] sr 0:0:0:1: [sr0] tag#280 unaligned transfer
[    2.846114] sr 0:0:0:1: [sr0] tag#281 unaligned transfer
[    2.846328] sr 0:0:0:1: [sr0] tag#282 unaligned transfer
[    2.846538] sr 0:0:0:1: [sr0] tag#283 unaligned transfer
[    2.846765] sr 0:0:0:1: [sr0] tag#284 unaligned transfer
[    2.847009] sr 0:0:0:1: [sr0] tag#285 unaligned transfer
[    2.847223] sr 0:0:0:1: [sr0] tag#286 unaligned transfer
[    2.847424] sr 0:0:0:1: [sr0] tag#287 unaligned transfer
[    2.847661] sr 0:0:0:1: [sr0] tag#288 unaligned transfer
[    2.847846] sr 0:0:0:1: [sr0] tag#289 unaligned transfer
[    2.848025] sr 0:0:0:1: [sr0] tag#290 unaligned transfer
[    2.848203] sr 0:0:0:1: [sr0] tag#291 unaligned transfer
[    2.848414] sr 0:0:0:1: [sr0] tag#292 unaligned transfer
[    2.848640] sr 0:0:0:1: [sr0] tag#293 unaligned transfer
[    2.848846] sr 0:0:0:1: [sr0] tag#294 unaligned transfer
[    2.849058] sr 0:0:0:1: [sr0] tag#295 unaligned transfer
[    2.849268] sr 0:0:0:1: [sr0] tag#296 unaligned transfer
[    2.849542] sr 0:0:0:1: [sr0] tag#297 unaligned transfer
[    2.849756] sr 0:0:0:1: [sr0] tag#298 unaligned transfer
[    2.849963] sr 0:0:0:1: [sr0] tag#299 unaligned transfer
[    2.850191] sr 0:0:0:1: [sr0] tag#300 unaligned transfer
[    2.850407] sr 0:0:0:1: [sr0] tag#301 unaligned transfer
[    2.850650] sr 0:0:0:1: [sr0] tag#302 unaligned transfer
[    2.850861] sr 0:0:0:1: [sr0] tag#303 unaligned transfer
[    2.851102] sr 0:0:0:1: [sr0] tag#304 unaligned transfer
[    2.851287] sr 0:0:0:1: [sr0] tag#305 unaligned transfer
[    2.851489] sr 0:0:0:1: [sr0] tag#306 unaligned transfer
[    2.851675] sr 0:0:0:1: [sr0] tag#307 unaligned transfer
[    2.851882] sr 0:0:0:1: [sr0] tag#308 unaligned transfer
[    2.852064] sr 0:0:0:1: [sr0] tag#309 unaligned transfer
[    2.852248] sr 0:0:0:1: [sr0] tag#310 unaligned transfer
[    2.852458] sr 0:0:0:1: [sr0] tag#311 unaligned transfer
[    2.852698] sr 0:0:0:1: [sr0] tag#312 unaligned transfer
[    2.852962] sr 0:0:0:1: [sr0] tag#313 unaligned transfer
[    2.853173] sr 0:0:0:1: [sr0] tag#314 unaligned transfer
[    2.853383] sr 0:0:0:1: [sr0] tag#315 unaligned transfer
[    2.853656] sr 0:0:0:1: [sr0] tag#256 unaligned transfer
[    2.853871] sr 0:0:0:1: [sr0] tag#257 unaligned transfer
[    2.854080] sr 0:0:0:1: [sr0] tag#258 unaligned transfer
[    2.854296] sr 0:0:0:1: [sr0] tag#259 unaligned transfer
[    2.854547] sr 0:0:0:1: [sr0] tag#260 unaligned transfer
[    2.854784] sr 0:0:0:1: [sr0] tag#261 unaligned transfer
[    2.854966] sr 0:0:0:1: [sr0] tag#262 unaligned transfer
[    2.855150] sr 0:0:0:1: [sr0] tag#263 unaligned transfer
[    2.855362] sr 0:0:0:1: [sr0] tag#264 unaligned transfer
[    2.855585] sr 0:0:0:1: [sr0] tag#265 unaligned transfer
[    2.855771] sr 0:0:0:1: [sr0] tag#266 unaligned transfer
[    2.855955] sr 0:0:0:1: [sr0] tag#267 unaligned transfer
[    2.856210] sr 0:0:0:1: [sr0] tag#268 unaligned transfer
[    2.856423] sr 0:0:0:1: [sr0] tag#269 unaligned transfer
[    2.856588] sr 0:0:0:1: [sr0] tag#270 unaligned transfer
[    2.856716] sr 0:0:0:1: [sr0] tag#271 unaligned transfer
[    2.856852] sr 0:0:0:1: [sr0] tag#272 unaligned transfer
[    2.856968] sr 0:0:0:1: [sr0] tag#273 unaligned transfer
[    2.857084] sr 0:0:0:1: [sr0] tag#274 unaligned transfer
[    2.857205] sr 0:0:0:1: [sr0] tag#275 unaligned transfer
[    2.857344] sr 0:0:0:1: [sr0] tag#276 unaligned transfer
[    2.857561] sr 0:0:0:1: [sr0] tag#277 unaligned transfer
[    2.857709] sr 0:0:0:1: [sr0] tag#278 unaligned transfer
[    2.857825] sr 0:0:0:1: [sr0] tag#279 unaligned transfer
[    2.857960] sr 0:0:0:1: [sr0] tag#280 unaligned transfer
[    2.858085] sr 0:0:0:1: [sr0] tag#281 unaligned transfer
[    2.858251] sr 0:0:0:1: [sr0] tag#282 unaligned transfer
[    2.858440] sr 0:0:0:1: [sr0] tag#283 unaligned transfer
[    2.858656] sr 0:0:0:1: [sr0] tag#284 unaligned transfer
[    2.858868] sr 0:0:0:1: [sr0] tag#285 unaligned transfer
[    2.859121] sr 0:0:0:1: [sr0] tag#286 unaligned transfer
[    2.859416] sr 0:0:0:1: [sr0] tag#287 unaligned transfer
[    2.861095] hv_storvsc 7c32ee81-acca-4334-b3c7-1e2af69cf681: tag#288 cmd 0x28 status: scsi 0x2 srb 0x84 hv 0xc0000001
[    2.861449] sr 0:0:0:1: [sr0] tag#288 FAILED Result: hostbyte=DID_OK driverbyte=DRIVER_OK cmd_age=0s
[    2.861752] sr 0:0:0:1: [sr0] tag#288 Sense Key : Not Ready [current] 
[    2.861977] sr 0:0:0:1: [sr0] tag#288 Add. Sense: Medium not present - tray closed
[    2.862293] sr 0:0:0:1: [sr0] tag#288 CDB: Read(10) 28 00 00 00 00 02 00 00 02 00
[    2.862685] sr 0:0:0:1: [sr0] tag#289 unaligned transfer
[    2.863096] sr 0:0:0:1: [sr0] tag#290 unaligned transfer
[    2.863556] sr 0:0:0:1: [sr0] tag#291 unaligned transfer
[    2.864042] sr 0:0:0:1: [sr0] tag#292 unaligned transfer
[    2.864511] sr 0:0:0:1: [sr0] tag#293 unaligned transfer
[    2.864978] sr 0:0:0:1: [sr0] tag#294 unaligned transfer
[    2.865456] sr 0:0:0:1: [sr0] tag#295 unaligned transfer
[    2.865987] sr 0:0:0:1: [sr0] tag#296 unaligned transfer
[    2.866465] sr 0:0:0:1: [sr0] tag#297 unaligned transfer
[    2.866845] sr 0:0:0:1: [sr0] tag#298 unaligned transfer
[    2.867319] sr 0:0:0:1: [sr0] tag#299 unaligned transfer
[    2.867827] sr 0:0:0:1: [sr0] tag#300 unaligned transfer
[    2.868278] sr 0:0:0:1: [sr0] tag#301 unaligned transfer
[    2.868716] sr 0:0:0:1: [sr0] tag#302 unaligned transfer
[    2.869312] sr 0:0:0:1: [sr0] tag#303 unaligned transfer
[    2.869754] sr 0:0:0:1: [sr0] tag#304 unaligned transfer
[    2.870196] sr 0:0:0:1: [sr0] tag#305 unaligned transfer
[    2.870570] sr 0:0:0:1: [sr0] tag#306 unaligned transfer
[    2.871044] sr 0:0:0:1: [sr0] tag#307 unaligned transfer
[    2.871481] sr 0:0:0:1: [sr0] tag#308 unaligned transfer
[    2.871983] sr 0:0:0:1: [sr0] tag#309 unaligned transfer
[    2.872429] sr 0:0:0:1: [sr0] tag#310 unaligned transfer
[    2.872923] sr 0:0:0:1: [sr0] tag#311 unaligned transfer
[    2.873366] sr 0:0:0:1: [sr0] tag#312 unaligned transfer
[    2.873835] sr 0:0:0:1: [sr0] tag#313 unaligned transfer
[    2.874182] sr 0:0:0:1: [sr0] tag#314 unaligned transfer
[    2.874462] sr 0:0:0:1: [sr0] tag#315 unaligned transfer
[    2.874708] sr 0:0:0:1: [sr0] tag#256 unaligned transfer
[    2.875312] sr 0:0:0:1: [sr0] tag#257 unaligned transfer
[    2.876206] sr 0:0:0:1: [sr0] tag#258 unaligned transfer
[    2.876824] sr 0:0:0:1: [sr0] tag#259 unaligned transfer
[    2.877386] sr 0:0:0:1: [sr0] tag#260 unaligned transfer
[    2.878138] sr 0:0:0:1: [sr0] tag#261 unaligned transfer
[    2.878552] sr 0:0:0:1: [sr0] tag#262 unaligned transfer
[    2.879025] sr 0:0:0:1: [sr0] tag#263 unaligned transfer
[    2.879426] sr 0:0:0:1: [sr0] tag#264 unaligned transfer
[    2.879833] sr 0:0:0:1: [sr0] tag#265 unaligned transfer
[    2.880077] sr 0:0:0:1: [sr0] tag#266 unaligned transfer
[    2.880379] sr 0:0:0:1: [sr0] tag#267 unaligned transfer
[    2.880624] sr 0:0:0:1: [sr0] tag#268 unaligned transfer
[    2.880936] sr 0:0:0:1: [sr0] tag#269 unaligned transfer
[    2.881200] sr 0:0:0:1: [sr0] tag#270 unaligned transfer
[    2.881800] sr 0:0:0:1: [sr0] tag#271 unaligned transfer
[    2.882061] sr 0:0:0:1: [sr0] tag#272 unaligned transfer
[    2.882257] sr 0:0:0:1: [sr0] tag#273 unaligned transfer
[    2.882419] sr 0:0:0:1: [sr0] tag#274 unaligned transfer
[    2.882568] sr 0:0:0:1: [sr0] tag#275 unaligned transfer
[    2.882783] sr 0:0:0:1: [sr0] tag#276 unaligned transfer
[    2.882926] sr 0:0:0:1: [sr0] tag#277 unaligned transfer
[    2.883048] sr 0:0:0:1: [sr0] tag#278 unaligned transfer
[    2.883172] sr 0:0:0:1: [sr0] tag#279 unaligned transfer
[    2.883447] sr 0:0:0:1: [sr0] tag#280 unaligned transfer
[    2.883606] sr 0:0:0:1: [sr0] tag#281 unaligned transfer
[    2.883803] sr 0:0:0:1: [sr0] tag#282 unaligned transfer
[    2.883964] sr 0:0:0:1: [sr0] tag#283 unaligned transfer
[    2.884097] sr 0:0:0:1: [sr0] tag#284 unaligned transfer
[    2.884281] sr 0:0:0:1: [sr0] tag#285 unaligned transfer
[    2.884409] sr 0:0:0:1: [sr0] tag#286 unaligned transfer
[    2.884532] sr 0:0:0:1: [sr0] tag#287 unaligned transfer
[    2.884658] sr 0:0:0:1: [sr0] tag#288 unaligned transfer
[    2.884850] sr 0:0:0:1: [sr0] tag#289 unaligned transfer
[    2.884978] sr 0:0:0:1: [sr0] tag#290 unaligned transfer
[    2.885108] sr 0:0:0:1: [sr0] tag#291 unaligned transfer
[    2.885276] sr 0:0:0:1: [sr0] tag#292 unaligned transfer
[    2.885422] sr 0:0:0:1: [sr0] tag#293 unaligned transfer
[    2.885584] sr 0:0:0:1: [sr0] tag#294 unaligned transfer
[    2.885731] sr 0:0:0:1: [sr0] tag#295 unaligned transfer
[    2.885853] sr 0:0:0:1: [sr0] tag#296 unaligned transfer
[    2.886017] sr 0:0:0:1: [sr0] tag#297 unaligned transfer
[    2.886148] sr 0:0:0:1: [sr0] tag#298 unaligned transfer
[    2.886269] sr 0:0:0:1: [sr0] tag#299 unaligned transfer
[    2.886389] sr 0:0:0:1: [sr0] tag#300 unaligned transfer
[    2.886532] sr 0:0:0:1: [sr0] tag#301 unaligned transfer
[    2.886749] sr 0:0:0:1: [sr0] tag#302 unaligned transfer
[    2.886874] sr 0:0:0:1: [sr0] tag#303 unaligned transfer
[    2.886994] sr 0:0:0:1: [sr0] tag#304 unaligned transfer
[    2.887114] sr 0:0:0:1: [sr0] tag#305 unaligned transfer
[    2.887240] sr 0:0:0:1: [sr0] tag#306 unaligned transfer
[    2.887373] sr 0:0:0:1: [sr0] tag#307 unaligned transfer
[    2.887578] sr 0:0:0:1: [sr0] tag#308 unaligned transfer
[    2.887748] sr 0:0:0:1: [sr0] tag#309 unaligned transfer
[    2.887876] sr 0:0:0:1: [sr0] tag#310 unaligned transfer
[    2.887996] sr 0:0:0:1: [sr0] tag#311 unaligned transfer
[    2.888163] sr 0:0:0:1: [sr0] tag#312 unaligned transfer
[    2.888294] sr 0:0:0:1: [sr0] tag#313 unaligned transfer
[    2.888592] sr 0:0:0:1: [sr0] tag#314 unaligned transfer
[    2.888737] sr 0:0:0:1: [sr0] tag#315 unaligned transfer
[    2.888856] sr 0:0:0:1: [sr0] tag#256 unaligned transfer
[    2.888990] sr 0:0:0:1: [sr0] tag#257 unaligned transfer
[    2.889151] sr 0:0:0:1: [sr0] tag#258 unaligned transfer
[    2.889278] sr 0:0:0:1: [sr0] tag#259 unaligned transfer
[    2.889397] sr 0:0:0:1: [sr0] tag#260 unaligned transfer
[    2.889534] sr 0:0:0:1: [sr0] tag#261 unaligned transfer
[    2.889689] sr 0:0:0:1: [sr0] tag#262 unaligned transfer
[    2.889844] sr 0:0:0:1: [sr0] tag#263 unaligned transfer
[    2.889982] sr 0:0:0:1: [sr0] tag#264 unaligned transfer
[    2.890209] hv_storvsc 7c32ee81-acca-4334-b3c7-1e2af69cf681: tag#265 cmd 0x28 status: scsi 0x2 srb 0x84 hv 0xc0000001
[    2.890391] sr 0:0:0:1: [sr0] tag#265 FAILED Result: hostbyte=DID_OK driverbyte=DRIVER_OK cmd_age=0s
[    2.890585] sr 0:0:0:1: [sr0] tag#265 Sense Key : Not Ready [current] 
[    2.890827] sr 0:0:0:1: [sr0] tag#265 Add. Sense: Medium not present - tray closed
[    2.891079] sr 0:0:0:1: [sr0] tag#265 CDB: Read(10) 28 00 00 00 04 00 00 00 02 00
[    2.891380] sr 0:0:0:1: [sr0] tag#266 unaligned transfer
[    2.891951] sr 0:0:0:1: [sr0] tag#267 unaligned transfer
[    2.892506] sr 0:0:0:1: [sr0] tag#268 unaligned transfer
[    2.893075] sr 0:0:0:1: [sr0] tag#269 unaligned transfer
[    2.893626] sr 0:0:0:1: [sr0] tag#270 unaligned transfer
[    2.894070] sr 0:0:0:1: [sr0] tag#271 unaligned transfer
[    2.894456] sr 0:0:0:1: [sr0] tag#272 unaligned transfer
[    2.894894] sr 0:0:0:1: [sr0] tag#273 unaligned transfer
[    2.895309] sr 0:0:0:1: [sr0] tag#274 unaligned transfer
[    2.895705] sr 0:0:0:1: [sr0] tag#275 unaligned transfer
[    2.896129] sr 0:0:0:1: [sr0] tag#276 unaligned transfer
[    2.896491] sr 0:0:0:1: [sr0] tag#277 unaligned transfer
[    2.896738] sr 0:0:0:1: [sr0] tag#278 unaligned transfer
[    2.896981] sr 0:0:0:1: [sr0] tag#279 unaligned transfer
[    2.897252] sr 0:0:0:1: [sr0] tag#280 unaligned transfer
[    2.897536] sr 0:0:0:1: [sr0] tag#281 unaligned transfer
[    2.897836] sr 0:0:0:1: [sr0] tag#282 unaligned transfer
[    2.898194] sr 0:0:0:1: [sr0] tag#283 unaligned transfer
[    2.898436] sr 0:0:0:1: [sr0] tag#284 unaligned transfer
[    2.898697] sr 0:0:0:1: [sr0] tag#285 unaligned transfer
[    2.898970] sr 0:0:0:1: [sr0] tag#286 unaligned transfer
[    2.899212] sr 0:0:0:1: [sr0] tag#287 unaligned transfer
[    2.899450] sr 0:0:0:1: [sr0] tag#288 unaligned transfer
[    2.899696] sr 0:0:0:1: [sr0] tag#289 unaligned transfer
[    2.900043] sr 0:0:0:1: [sr0] tag#290 unaligned transfer
[    2.900293] sr 0:0:0:1: [sr0] tag#291 unaligned transfer
[    2.900540] sr 0:0:0:1: [sr0] tag#292 unaligned transfer
[    2.900788] sr 0:0:0:1: [sr0] tag#293 unaligned transfer
[    2.901079] sr 0:0:0:1: [sr0] tag#294 unaligned transfer
[    2.901325] sr 0:0:0:1: [sr0] tag#295 unaligned transfer
[    2.901628] sr 0:0:0:1: [sr0] tag#296 unaligned transfer
[    2.901874] sr 0:0:0:1: [sr0] tag#297 unaligned transfer
[    2.902156] sr 0:0:0:1: [sr0] tag#298 unaligned transfer
[    2.902400] sr 0:0:0:1: [sr0] tag#299 unaligned transfer
[    2.902645] sr 0:0:0:1: [sr0] tag#300 unaligned transfer
[    2.903004] sr 0:0:0:1: [sr0] tag#301 unaligned transfer
[    2.903252] sr 0:0:0:1: [sr0] tag#302 unaligned transfer
[    2.903499] sr 0:0:0:1: [sr0] tag#303 unaligned transfer
[    2.903779] sr 0:0:0:1: [sr0] tag#304 unaligned transfer
[    2.904055] sr 0:0:0:1: [sr0] tag#305 unaligned transfer
[    2.904314] sr 0:0:0:1: [sr0] tag#306 unaligned transfer
[    2.904557] sr 0:0:0:1: [sr0] tag#307 unaligned transfer
[    2.904798] sr 0:0:0:1: [sr0] tag#308 unaligned transfer
[    2.905091] sr 0:0:0:1: [sr0] tag#309 unaligned transfer
[    2.905328] sr 0:0:0:1: [sr0] tag#310 unaligned transfer
[    2.905503] sr 0:0:0:1: [sr0] tag#311 unaligned transfer
[    2.905652] sr 0:0:0:1: [sr0] tag#312 unaligned transfer
[    2.905786] sr 0:0:0:1: [sr0] tag#313 unaligned transfer
[    2.905926] sr 0:0:0:1: [sr0] tag#314 unaligned transfer
[    2.906076] sr 0:0:0:1: [sr0] tag#315 unaligned transfer
[    2.906202] sr 0:0:0:1: [sr0] tag#256 unaligned transfer
[    2.906331] sr 0:0:0:1: [sr0] tag#257 unaligned transfer
[    2.906464] sr 0:0:0:1: [sr0] tag#258 unaligned transfer
[    2.906594] sr 0:0:0:1: [sr0] tag#259 unaligned transfer
[    2.906724] sr 0:0:0:1: [sr0] tag#260 unaligned transfer
[    2.906849] sr 0:0:0:1: [sr0] tag#261 unaligned transfer
[    2.907017] sr 0:0:0:1: [sr0] tag#262 unaligned transfer
[    2.907176] sr 0:0:0:1: [sr0] tag#263 unaligned transfer
[    2.907299] sr 0:0:0:1: [sr0] tag#264 unaligned transfer
[    2.907421] sr 0:0:0:1: [sr0] tag#265 unaligned transfer
[    2.907542] sr 0:0:0:1: [sr0] tag#266 unaligned transfer
[    2.907664] sr 0:0:0:1: [sr0] tag#267 unaligned transfer
[    2.907788] sr 0:0:0:1: [sr0] tag#268 unaligned transfer
[    2.907917] sr 0:0:0:1: [sr0] tag#269 unaligned transfer
[    2.908143] sr 0:0:0:1: [sr0] tag#270 unaligned transfer
[    2.908523] sr 0:0:0:1: [sr0] tag#271 unaligned transfer
[    2.908812] sr 0:0:0:1: [sr0] tag#272 unaligned transfer
[    2.909190] sr 0:0:0:1: [sr0] tag#273 unaligned transfer
[    2.909750] sr 0:0:0:1: [sr0] tag#274 unaligned transfer
[    2.909930] sr 0:0:0:1: [sr0] tag#275 unaligned transfer
[    2.910286] sr 0:0:0:1: [sr0] tag#276 unaligned transfer
[    2.910513] sr 0:0:0:1: [sr0] tag#277 unaligned transfer
[    2.910698] sr 0:0:0:1: [sr0] tag#278 unaligned transfer
[    2.910827] sr 0:0:0:1: [sr0] tag#279 unaligned transfer
[    2.910955] sr 0:0:0:1: [sr0] tag#280 unaligned transfer
[    2.911080] sr 0:0:0:1: [sr0] tag#281 unaligned transfer
[    2.911205] sr 0:0:0:1: [sr0] tag#282 unaligned transfer
[    2.911354] sr 0:0:0:1: [sr0] tag#283 unaligned transfer
[    2.911509] sr 0:0:0:1: [sr0] tag#284 unaligned transfer
[    2.911632] sr 0:0:0:1: [sr0] tag#285 unaligned transfer
[    2.911770] sr 0:0:0:1: [sr0] tag#286 unaligned transfer
[    2.911890] sr 0:0:0:1: [sr0] tag#287 unaligned transfer
[    2.912013] sr 0:0:0:1: [sr0] tag#288 unaligned transfer
[    2.912143] sr 0:0:0:1: [sr0] tag#289 unaligned transfer
[    2.912408] sr 0:0:0:1: [sr0] tag#290 unaligned transfer
[    2.912559] sr 0:0:0:1: [sr0] tag#291 unaligned transfer
[    2.912718] sr 0:0:0:1: [sr0] tag#292 unaligned transfer
[    2.912838] sr 0:0:0:1: [sr0] tag#293 unaligned transfer
[    2.912980] sr 0:0:0:1: [sr0] tag#294 unaligned transfer
[    2.913100] sr 0:0:0:1: [sr0] tag#295 unaligned transfer
[    2.913260] sr 0:0:0:1: [sr0] tag#296 unaligned transfer
[    2.913387] sr 0:0:0:1: [sr0] tag#297 unaligned transfer
[    2.913526] sr 0:0:0:1: [sr0] tag#298 unaligned transfer
[    2.913679] sr 0:0:0:1: [sr0] tag#299 unaligned transfer
[    2.913797] sr 0:0:0:1: [sr0] tag#300 unaligned transfer
[    2.913915] sr 0:0:0:1: [sr0] tag#301 unaligned transfer
[    2.914063] sr 0:0:0:1: [sr0] tag#302 unaligned transfer
[    2.914219] sr 0:0:0:1: [sr0] tag#303 unaligned transfer
[    2.914339] sr 0:0:0:1: [sr0] tag#304 unaligned transfer
[    2.914457] sr 0:0:0:1: [sr0] tag#305 unaligned transfer
[    2.914577] sr 0:0:0:1: [sr0] tag#306 unaligned transfer
[    2.914704] sr 0:0:0:1: [sr0] tag#307 unaligned transfer
[    2.914837] sr 0:0:0:1: [sr0] tag#308 unaligned transfer
[    2.914961] sr 0:0:0:1: [sr0] tag#309 unaligned transfer
[    2.915094] sr 0:0:0:1: [sr0] tag#310 unaligned transfer
[    2.915312] sr 0:0:0:1: [sr0] tag#311 unaligned transfer
[    2.915503] sr 0:0:0:1: [sr0] tag#312 unaligned transfer
[    2.915693] sr 0:0:0:1: [sr0] tag#313 unaligned transfer
[    2.915926] sr 0:0:0:1: [sr0] tag#314 unaligned transfer
[    2.916111] sr 0:0:0:1: [sr0] tag#315 unaligned transfer
[    2.916292] sr 0:0:0:1: [sr0] tag#256 unaligned transfer
[    2.916473] sr 0:0:0:1: [sr0] tag#257 unaligned transfer
[    2.916648] sr 0:0:0:1: [sr0] tag#258 unaligned transfer
[    2.916772] sr 0:0:0:1: [sr0] tag#259 unaligned transfer
[    2.916956] sr 0:0:0:1: [sr0] tag#260 unaligned transfer
[    2.917100] sr 0:0:0:1: [sr0] tag#261 unaligned transfer
[    2.917237] sr 0:0:0:1: [sr0] tag#262 unaligned transfer
[    2.917357] sr 0:0:0:1: [sr0] tag#263 unaligned transfer
[    2.917475] sr 0:0:0:1: [sr0] tag#264 unaligned transfer
[    2.917604] sr 0:0:0:1: [sr0] tag#265 unaligned transfer
[    2.917740] sr 0:0:0:1: [sr0] tag#266 unaligned transfer
[    2.917885] sr 0:0:0:1: [sr0] tag#267 unaligned transfer
[    2.918031] sr 0:0:0:1: [sr0] tag#268 unaligned transfer
[    2.918151] sr 0:0:0:1: [sr0] tag#269 unaligned transfer
[    2.918268] sr 0:0:0:1: [sr0] tag#270 unaligned transfer
[    2.918386] sr 0:0:0:1: [sr0] tag#271 unaligned transfer
[    2.918507] sr 0:0:0:1: [sr0] tag#272 unaligned transfer
[    2.918633] sr 0:0:0:1: [sr0] tag#273 unaligned transfer
[    2.918834] sr 0:0:0:1: [sr0] tag#274 unaligned transfer
[    2.918963] sr 0:0:0:1: [sr0] tag#275 unaligned transfer
[    2.919081] sr 0:0:0:1: [sr0] tag#276 unaligned transfer
[    2.919214] sr 0:0:0:1: [sr0] tag#277 unaligned transfer
[    2.919417] sr 0:0:0:1: [sr0] tag#278 unaligned transfer
[    2.919602] sr 0:0:0:1: [sr0] tag#279 unaligned transfer
[    2.919749] sr 0:0:0:1: [sr0] tag#280 unaligned transfer
[    2.919894] sr 0:0:0:1: [sr0] tag#281 unaligned transfer
[    2.920031] sr 0:0:0:1: [sr0] tag#282 unaligned transfer
[    2.920182] sr 0:0:0:1: [sr0] tag#283 unaligned transfer
[    2.920304] sr 0:0:0:1: [sr0] tag#284 unaligned transfer
[    2.920425] sr 0:0:0:1: [sr0] tag#285 unaligned transfer
[    2.920546] sr 0:0:0:1: [sr0] tag#286 unaligned transfer
[    2.920673] sr 0:0:0:1: [sr0] tag#287 unaligned transfer
[    2.920799] sr 0:0:0:1: [sr0] tag#288 unaligned transfer
[    2.920925] sr 0:0:0:1: [sr0] tag#289 unaligned transfer
[    2.921111] sr 0:0:0:1: [sr0] tag#290 unaligned transfer
[    2.921266] sr 0:0:0:1: [sr0] tag#291 unaligned transfer
[    2.921398] sr 0:0:0:1: [sr0] tag#292 unaligned transfer
[    2.921531] sr 0:0:0:1: [sr0] tag#293 unaligned transfer
[    2.921674] sr 0:0:0:1: [sr0] tag#294 unaligned transfer
[    2.921799] sr 0:0:0:1: [sr0] tag#295 unaligned transfer
[    2.921922] sr 0:0:0:1: [sr0] tag#296 unaligned transfer
[    2.922046] sr 0:0:0:1: [sr0] tag#297 unaligned transfer
[    2.922250] sr 0:0:0:1: [sr0] tag#298 unaligned transfer
[    2.922380] sr 0:0:0:1: [sr0] tag#299 unaligned transfer
[    2.922502] sr 0:0:0:1: [sr0] tag#300 unaligned transfer
[    2.922628] sr 0:0:0:1: [sr0] tag#301 unaligned transfer
[    2.922756] sr 0:0:0:1: [sr0] tag#302 unaligned transfer
[    2.922885] sr 0:0:0:1: [sr0] tag#303 unaligned transfer
[    2.923013] sr 0:0:0:1: [sr0] tag#304 unaligned transfer
[    2.923196] sr 0:0:0:1: [sr0] tag#305 unaligned transfer
[    2.923335] sr 0:0:0:1: [sr0] tag#306 unaligned transfer
[    2.923455] sr 0:0:0:1: [sr0] tag#307 unaligned transfer
[    2.923574] sr 0:0:0:1: [sr0] tag#308 unaligned transfer
[    2.923697] sr 0:0:0:1: [sr0] tag#309 unaligned transfer
[    2.923837] sr 0:0:0:1: [sr0] tag#310 unaligned transfer
[    2.923962] sr 0:0:0:1: [sr0] tag#311 unaligned transfer
[    2.924085] sr 0:0:0:1: [sr0] tag#312 unaligned transfer
[    2.924255] sr 0:0:0:1: [sr0] tag#313 unaligned transfer
[    2.924388] sr 0:0:0:1: [sr0] tag#314 unaligned transfer
[    2.924506] sr 0:0:0:1: [sr0] tag#315 unaligned transfer
[    2.924646] sr 0:0:0:1: [sr0] tag#256 unaligned transfer
[    2.924769] sr 0:0:0:1: [sr0] tag#257 unaligned transfer
[    2.925226] sr 0:0:0:1: [sr0] tag#258 unaligned transfer
[    2.925425] sr 0:0:0:1: [sr0] tag#259 unaligned transfer
[    2.925784] sr 0:0:0:1: [sr0] tag#260 unaligned transfer
[    2.926084] sr 0:0:0:1: [sr0] tag#261 unaligned transfer
[    2.926954] sr 0:0:0:1: [sr0] tag#262 unaligned transfer
[    2.927259] sr 0:0:0:1: [sr0] tag#263 unaligned transfer
[    2.927521] sr 0:0:0:1: [sr0] tag#264 unaligned transfer
[    2.927780] sr 0:0:0:1: [sr0] tag#265 unaligned transfer
[    2.927967] sr 0:0:0:1: [sr0] tag#266 unaligned transfer
[    2.928193] sr 0:0:0:1: [sr0] tag#267 unaligned transfer
[    2.928395] sr 0:0:0:1: [sr0] tag#268 unaligned transfer
[    2.928594] sr 0:0:0:1: [sr0] tag#269 unaligned transfer
[    2.928813] sr 0:0:0:1: [sr0] tag#270 unaligned transfer
[    2.929013] sr 0:0:0:1: [sr0] tag#271 unaligned transfer
[    2.929240] sr 0:0:0:1: [sr0] tag#272 unaligned transfer
[    2.929360] sr 0:0:0:1: [sr0] tag#273 unaligned transfer
[    2.929477] sr 0:0:0:1: [sr0] tag#274 unaligned transfer
[    2.929609] sr 0:0:0:1: [sr0] tag#275 unaligned transfer
[    2.929727] sr 0:0:0:1: [sr0] tag#276 unaligned transfer
[    2.929847] sr 0:0:0:1: [sr0] tag#277 unaligned transfer
[    2.929998] sr 0:0:0:1: [sr0] tag#278 unaligned transfer
[    2.930181] sr 0:0:0:1: [sr0] tag#279 unaligned transfer
[    2.930309] sr 0:0:0:1: [sr0] tag#280 unaligned transfer
[    2.930427] sr 0:0:0:1: [sr0] tag#281 unaligned transfer
[    2.930543] sr 0:0:0:1: [sr0] tag#282 unaligned transfer
[    2.930661] sr 0:0:0:1: [sr0] tag#283 unaligned transfer
[    2.930786] sr 0:0:0:1: [sr0] tag#284 unaligned transfer
[    2.930945] sr 0:0:0:1: [sr0] tag#285 unaligned transfer
[    2.931082] sr 0:0:0:1: [sr0] tag#286 unaligned transfer
[    2.931379] sr 0:0:0:1: [sr0] tag#287 unaligned transfer
[    2.931600] sr 0:0:0:1: [sr0] tag#288 unaligned transfer
[    2.931820] sr 0:0:0:1: [sr0] tag#289 unaligned transfer
[    2.932036] sr 0:0:0:1: [sr0] tag#290 unaligned transfer
[    2.932306] sr 0:0:0:1: [sr0] tag#291 unaligned transfer
[    2.932496] sr 0:0:0:1: [sr0] tag#292 unaligned transfer
[    2.932672] sr 0:0:0:1: [sr0] tag#293 unaligned transfer
[    2.932879] sr 0:0:0:1: [sr0] tag#294 unaligned transfer
[    2.933064] sr 0:0:0:1: [sr0] tag#295 unaligned transfer
[    2.933345] sr 0:0:0:1: [sr0] tag#296 unaligned transfer
[    2.933612] sr 0:0:0:1: [sr0] tag#297 unaligned transfer
[    2.933834] sr 0:0:0:1: [sr0] tag#298 unaligned transfer
[    2.934053] sr 0:0:0:1: [sr0] tag#299 unaligned transfer
[    2.934309] sr 0:0:0:1: [sr0] tag#300 unaligned transfer
[    2.934528] sr 0:0:0:1: [sr0] tag#301 unaligned transfer
[    3.360365] EXT4-fs (dm-0): mounted filesystem with ordered data mode. Opts: (null). Quota mode: none.
[    3.872691] systemd[1]: Inserted module 'autofs4'
[    3.946787] systemd[1]: systemd 249.11-0ubuntu3.4 running in system mode (+PAM +AUDIT +SELINUX +APPARMOR +IMA +SMACK +SECCOMP +GCRYPT +GNUTLS +OPENSSL +ACL +BLKID +CURL +ELFUTILS +FIDO2 +IDN2 -IDN +IPTC +KMOD +LIBCRYPTSETUP -LIBFDISK +PCRE2 -PWQUALITY -P11KIT -QRENCODE +BZIP2 +LZ4 +XZ +ZLIB +ZSTD -XKBCOMMON +UTMP +SYSVINIT default-hierarchy=unified)
[    3.949830] systemd[1]: Detected virtualization microsoft.
[    3.950538] systemd[1]: Detected architecture x86-64.
[    3.962352] systemd[1]: Hostname set to <alan>.
[    4.080228] hv_storvsc 7c32ee81-acca-4334-b3c7-1e2af69cf681: tag#261 cmd 0x51 status: scsi 0x2 srb 0x84 hv 0xc0000001
[    4.082679] hv_storvsc 7c32ee81-acca-4334-b3c7-1e2af69cf681: tag#262 cmd 0x43 status: scsi 0x2 srb 0x84 hv 0xc0000001
[    4.084099] sr 0:0:0:1: [sr0] CDROM not ready.  Make sure there is a disc in the drive.
[    4.086885] hv_storvsc 7c32ee81-acca-4334-b3c7-1e2af69cf681: tag#263 cmd 0x28 status: scsi 0x2 srb 0x84 hv 0xc0000001
[    4.096707] sr 0:0:0:1: [sr0] tag#263 FAILED Result: hostbyte=DID_OK driverbyte=DRIVER_OK cmd_age=0s
[    4.098166] sr 0:0:0:1: [sr0] tag#263 Sense Key : Not Ready [current] 
[    4.099901] sr 0:0:0:1: [sr0] tag#263 Add. Sense: Medium not present - tray closed
[    4.101265] sr 0:0:0:1: [sr0] tag#263 CDB: Read(10) 28 00 00 07 ff fc 00 00 02 00
[    4.102722] sr 0:0:0:1: [sr0] tag#264 unaligned transfer
[    4.104064] sr 0:0:0:1: [sr0] tag#265 unaligned transfer
[    4.105338] sr 0:0:0:1: [sr0] tag#266 unaligned transfer
[    4.106782] sr 0:0:0:1: [sr0] tag#267 unaligned transfer
[    4.108140] sr 0:0:0:1: [sr0] tag#268 unaligned transfer
[    4.109446] sr 0:0:0:1: [sr0] tag#269 unaligned transfer
[    4.110893] sr 0:0:0:1: [sr0] tag#270 unaligned transfer
[    4.112176] sr 0:0:0:1: [sr0] tag#271 unaligned transfer
[    4.125633] hv_storvsc 7c32ee81-acca-4334-b3c7-1e2af69cf681: tag#272 cmd 0x28 status: scsi 0x2 srb 0x84 hv 0xc0000001
[    4.127161] sr 0:0:0:1: [sr0] tag#273 unaligned transfer
[    4.128608] sr 0:0:0:1: [sr0] tag#274 unaligned transfer
[    4.129961] sr 0:0:0:1: [sr0] tag#275 unaligned transfer
[    4.131230] sr 0:0:0:1: [sr0] tag#276 unaligned transfer
[    4.132622] sr 0:0:0:1: [sr0] tag#277 unaligned transfer
[    4.141694] sr 0:0:0:1: [sr0] tag#93 unaligned transfer
[    4.143245] sr 0:0:0:1: [sr0] tag#94 unaligned transfer
[    4.144977] sr 0:0:0:1: [sr0] tag#95 unaligned transfer
[    4.146492] sr 0:0:0:1: [sr0] tag#96 unaligned transfer
[    4.147954] sr 0:0:0:1: [sr0] tag#97 unaligned transfer
[    4.149427] sr 0:0:0:1: [sr0] tag#98 unaligned transfer
[    4.150937] sr 0:0:0:1: [sr0] tag#99 unaligned transfer
[    4.152478] sr 0:0:0:1: [sr0] tag#100 unaligned transfer
[    4.154004] sr 0:0:0:1: [sr0] tag#101 unaligned transfer
[    4.155462] sr 0:0:0:1: [sr0] tag#102 unaligned transfer
[    4.161066] sr 0:0:0:1: [sr0] tag#278 unaligned transfer
[    4.162825] sr 0:0:0:1: [sr0] tag#279 unaligned transfer
[    4.164198] sr 0:0:0:1: [sr0] tag#280 unaligned transfer
[    4.166433] sr 0:0:0:1: [sr0] tag#281 unaligned transfer
[    4.167954] sr 0:0:0:1: [sr0] tag#282 unaligned transfer
[    4.169145] sr 0:0:0:1: [sr0] tag#283 unaligned transfer
[    4.170711] sr 0:0:0:1: [sr0] tag#103 unaligned transfer
[    4.171756] sr 0:0:0:1: [sr0] tag#104 unaligned transfer
[    4.174036] sr 0:0:0:1: [sr0] tag#284 unaligned transfer
[    4.174911] sr 0:0:0:1: [sr0] tag#285 unaligned transfer
[    4.175960] sr 0:0:0:1: [sr0] tag#286 unaligned transfer
[    4.176945] sr 0:0:0:1: [sr0] tag#287 unaligned transfer
[    4.177988] sr 0:0:0:1: [sr0] tag#288 unaligned transfer
[    4.181048] sr 0:0:0:1: [sr0] tag#289 unaligned transfer
[    4.182201] sr 0:0:0:1: [sr0] tag#105 unaligned transfer
[    4.183059] sr 0:0:0:1: [sr0] tag#106 unaligned transfer
[    4.183890] sr 0:0:0:1: [sr0] tag#107 unaligned transfer
[    4.184713] sr 0:0:0:1: [sr0] tag#108 unaligned transfer
[    4.185574] sr 0:0:0:1: [sr0] tag#109 unaligned transfer
[    4.186231] sr 0:0:0:1: [sr0] tag#110 unaligned transfer
[    4.186855] sr 0:0:0:1: [sr0] tag#111 unaligned transfer
[    4.187375] sr 0:0:0:1: [sr0] tag#112 unaligned transfer
[    4.187841] sr 0:0:0:1: [sr0] tag#113 unaligned transfer
[    4.188316] sr 0:0:0:1: [sr0] tag#114 unaligned transfer
[    4.188815] sr 0:0:0:1: [sr0] tag#115 unaligned transfer
[    4.189287] sr 0:0:0:1: [sr0] tag#116 unaligned transfer
[    4.189842] sr 0:0:0:1: [sr0] tag#117 unaligned transfer
[    4.190229] sr 0:0:0:1: [sr0] tag#118 unaligned transfer
[    4.190727] sr 0:0:0:1: [sr0] tag#119 unaligned transfer
[    4.191227] sr 0:0:0:1: [sr0] tag#120 unaligned transfer
[    4.191718] sr 0:0:0:1: [sr0] tag#121 unaligned transfer
[    4.192175] sr 0:0:0:1: [sr0] tag#122 unaligned transfer
[    4.195804] sr 0:0:0:1: [sr0] tag#123 unaligned transfer
[    4.197067] sr 0:0:0:1: [sr0] tag#124 unaligned transfer
